=============================== Ripes CLI mode ===============================
=========================== Processing input file ===========================
INFO: Loading elf file '${PROJECT_ROOT}/measurements/stage1_support/results/loop-4096.elf'
=============================== Running model ===============================
INFO: 00:00:00	cycles: 60121	retired: 33409
INFO: 00:00:01	cycles: 141074	retired: 78398
INFO: 00:00:02	cycles: 211809	retired: 117705
INFO: 00:00:03	cycles: 283766	retired: 157695
INFO: 00:00:04	cycles: 357663	retired: 198761
INFO: 00:00:05	cycles: 441053	retired: 245103
INFO: 00:00:06	cycles: 509656	retired: 283228
INFO: 00:00:07	cycles: 584834	retired: 325006
INFO: 00:00:08	cycles: 667940	retired: 371190
INFO: 00:00:09	cycles: 747826	retired: 415585
INFO: 00:00:10	cycles: 837495	retired: 465415
INFO: 00:00:11	cycles: 910267	retired: 505856
INFO: 00:00:12	cycles: 972116	retired: 540228
INFO: 00:00:13	cycles: 1057636	retired: 587752
INFO: 00:00:14	cycles: 1136602	retired: 631636
INFO: 00:00:15	cycles: 1226190	retired: 681424
INFO: 00:00:16	cycles: 1310051	retired: 728027
INFO: 00:00:17	cycles: 1393498	retired: 774400
INFO: 00:00:18	cycles: 1476540	retired: 820548
INFO: 00:00:19	cycles: 1555750	retired: 864566
INFO: 00:00:20	cycles: 1646063	retired: 914756
INFO: 00:00:21	cycles: 1726257	retired: 959323
INFO: 00:00:22	cycles: 1811428	retired: 1006654
INFO: 00:00:23	cycles: 1898459	retired: 1055019
INFO: 00:00:24	cycles: 1987851	retired: 1104696
INFO: 00:00:25	cycles: 2076684	retired: 1154063
INFO: 00:00:26	cycles: 2160519	retired: 1200652
INFO: 00:00:27	cycles: 2239031	retired: 1244283
INFO: 00:00:28	cycles: 2304370	retired: 1280594
INFO: 00:00:29	cycles: 2371690	retired: 1318005
INFO: 00:00:30	cycles: 2440499	retired: 1356243
INFO: 00:00:31	cycles: 2488778	retired: 1383074
INFO: 00:00:32	cycles: 2495449	retired: 1386781
INFO: 00:00:34	cycles: 2505081	retired: 1392134
INFO: 00:00:34	cycles: 2513658	retired: 1396900
INFO: 00:00:35	cycles: 2519561	retired: 1400181
INFO: 00:00:36	cycles: 2524169	retired: 1402741
INFO: 00:00:37	cycles: 2535487	retired: 1409031
INFO: 00:00:39	cycles: 2539166	retired: 1411076
INFO: 00:00:39	cycles: 2543404	retired: 1413432
INFO: 00:00:40	cycles: 2552235	retired: 1418338
INFO: 00:00:41	cycles: 2554344	retired: 1419510
INFO: 00:00:42	cycles: 2567608	retired: 1426881
INFO: 00:00:43	cycles: 2576639	retired: 1431900
INFO: 00:00:44	cycles: 2594017	retired: 1441557
INFO: 00:00:45	cycles: 2605024	retired: 1447675
INFO: 00:00:46	cycles: 2612480	retired: 1451819
INFO: 00:00:47	cycles: 2614566	retired: 1452976
INFO: 00:00:49	cycles: 2626820	retired: 1459788
INFO: 00:00:50	cycles: 2632381	retired: 1462877
INFO: 00:00:51	cycles: 2636244	retired: 1465025
INFO: 00:00:51	cycles: 2640627	retired: 1467459
INFO: 00:00:52	cycles: 2648490	retired: 1471830
INFO: 00:00:53	cycles: 2658973	retired: 1477655
INFO: 00:00:54	cycles: 2669348	retired: 1483420
INFO: 00:00:55	cycles: 2677375	retired: 1487882
INFO: 00:00:56	cycles: 2679357	retired: 1488983
INFO: 00:00:57	cycles: 2689255	retired: 1494483
INFO: 00:00:58	cycles: 2694723	retired: 1497523
INFO: 00:00:59	cycles: 2712448	retired: 1507372
INFO: 00:01:01	cycles: 2728793	retired: 1516457
INFO: 00:01:02	cycles: 2745249	retired: 1525600
INFO: 00:01:02	cycles: 2757110	retired: 1532192
INFO: 00:01:03	cycles: 2761845	retired: 1534823
INFO: 00:01:04	cycles: 2777056	retired: 1543277
INFO: 00:01:05	cycles: 2790793	retired: 1550910
INFO: 00:01:06	cycles: 2793738	retired: 1552548
INFO: 00:01:07	cycles: 2797542	retired: 1554661
INFO: 00:01:09	cycles: 2801773	retired: 1557013
INFO: 00:01:09	cycles: 2808584	retired: 1560797
INFO: 00:01:10	cycles: 2823203	retired: 1568922
INFO: 00:01:12	cycles: 2837543	retired: 1576890
INFO: 00:01:12	cycles: 2847042	retired: 1582169
INFO: 00:01:13	cycles: 2855603	retired: 1586927
INFO: 00:01:15	cycles: 2868534	retired: 1594114
INFO: 00:01:16	cycles: 2873032	retired: 1596612
INFO: 00:01:17	cycles: 2877652	retired: 1599181
INFO: 00:01:17	cycles: 2885796	retired: 1603707
INFO: 00:01:18	cycles: 2895771	retired: 1609250
INFO: 00:01:19	cycles: 2904876	retired: 1614310
INFO: 00:01:21	cycles: 2920434	retired: 1622955
INFO: 00:01:21	cycles: 2932851	retired: 1629856
INFO: 00:01:22	cycles: 2941136	retired: 1634461
INFO: 00:01:23	cycles: 2951299	retired: 1640108
INFO: 00:01:24	cycles: 2960768	retired: 1645370
INFO: 00:01:25	cycles: 2971032	retired: 1651074
INFO: 00:01:26	cycles: 2977724	retired: 1654794
INFO: 00:01:27	cycles: 2986560	retired: 1659704
INFO: 00:01:28	cycles: 2998791	retired: 1666501
INFO: 00:01:29	cycles: 3003674	retired: 1669213
INFO: 00:01:31	cycles: 3012459	retired: 1674095
INFO: 00:01:31	cycles: 3017812	retired: 1677070
INFO: 00:01:33	cycles: 3025881	retired: 1681555
INFO: 00:01:33	cycles: 3030205	retired: 1683957
INFO: 00:01:35	cycles: 3040361	retired: 1689601
INFO: 00:01:35	cycles: 3046170	retired: 1692830
INFO: 00:01:36	cycles: 3060929	retired: 1701033
INFO: 00:01:37	cycles: 3066691	retired: 1704233
INFO: 00:01:39	cycles: 3073771	retired: 1708169
INFO: 00:01:39	cycles: 3082247	retired: 1712879
INFO: 00:01:40	cycles: 3094904	retired: 1719912
INFO: 00:01:41	cycles: 3103267	retired: 1724559
INFO: 00:01:42	cycles: 3109579	retired: 1728068
INFO: 00:01:43	cycles: 3120901	retired: 1734359
INFO: 00:01:45	cycles: 3126192	retired: 1737300
INFO: 00:01:46	cycles: 3127824	retired: 1738207
INFO: 00:01:47	cycles: 3140630	retired: 1745323
INFO: 00:01:48	cycles: 3144867	retired: 1747679
INFO: 00:01:48	cycles: 3149461	retired: 1750232
INFO: 00:01:49	cycles: 3156514	retired: 1754150
INFO: 00:01:50	cycles: 3180280	retired: 1767358
INFO: 00:01:51	cycles: 3192704	retired: 1774262
INFO: 00:01:52	cycles: 3202491	retired: 1779701
INFO: 00:01:53	cycles: 3211595	retired: 1784761
INFO: 00:01:54	cycles: 3227536	retired: 1793620
INFO: 00:01:55	cycles: 3236665	retired: 1798693
INFO: 00:01:56	cycles: 3243351	retired: 1802408
INFO: 00:01:57	cycles: 3256601	retired: 1809771
INFO: 00:01:59	cycles: 3263968	retired: 1813866
INFO: 00:02:00	cycles: 3272486	retired: 1818600
INFO: 00:02:01	cycles: 3278069	retired: 1821701
INFO: 00:02:01	cycles: 3279830	retired: 1822681
INFO: 00:02:02	cycles: 3289578	retired: 1828097
INFO: 00:02:03	cycles: 3299403	retired: 1833559
INFO: 00:02:04	cycles: 3309523	retired: 1839182
INFO: 00:02:07	cycles: 3315332	retired: 1842410
INFO: 00:02:08	cycles: 3317385	retired: 1843550
INFO: 00:02:09	cycles: 3319734	retired: 1844856
INFO: 00:02:10	cycles: 3322983	retired: 1846661
INFO: 00:02:11	cycles: 3324335	retired: 1847413
INFO: 00:02:11	cycles: 3325140	retired: 1847860
INFO: 00:02:12	cycles: 3328425	retired: 1849687
INFO: 00:02:14	cycles: 3328817	retired: 1849904
INFO: 00:02:14	cycles: 3333861	retired: 1852707
INFO: 00:02:17	cycles: 3335041	retired: 1853362
INFO: 00:02:19	cycles: 3336305	retired: 1854065
INFO: 00:02:20	cycles: 3336837	retired: 1854361
INFO: 00:02:21	cycles: 3337671	retired: 1854825
INFO: 00:02:22	cycles: 3338159	retired: 1855095
INFO: 00:02:24	cycles: 3342258	retired: 1857373
INFO: 00:02:24	cycles: 3342462	retired: 1857486
INFO: 00:02:25	cycles: 3344311	retired: 1858513
INFO: 00:02:26	cycles: 3346150	retired: 1859537
INFO: 00:02:27	cycles: 3347224	retired: 1860134
INFO: 00:02:28	cycles: 3351081	retired: 1862276
INFO: 00:02:29	cycles: 3351599	retired: 1862564
INFO: 00:02:31	cycles: 3352328	retired: 1862969
INFO: 00:02:31	cycles: 3352328	retired: 1862969
INFO: 00:02:32	cycles: 3352576	retired: 1863106
INFO: 00:02:35	cycles: 3353737	retired: 1863751
INFO: 00:02:36	cycles: 3355037	retired: 1864475
INFO: 00:02:38	cycles: 3356721	retired: 1865411
INFO: 00:02:38	cycles: 3356920	retired: 1865522
INFO: 00:02:40	cycles: 3358248	retired: 1866260
INFO: 00:02:41	cycles: 3359597	retired: 1867010
INFO: 00:02:43	cycles: 3360048	retired: 1867260
INFO: 00:02:45	cycles: 3360947	retired: 1867759
INFO: 00:02:46	cycles: 3361244	retired: 1867924
INFO: 00:02:46	cycles: 3361575	retired: 1868107
INFO: 00:02:47	cycles: 3362831	retired: 1868805
INFO: 00:02:49	cycles: 3364666	retired: 1869826
INFO: 00:02:50	cycles: 3367820	retired: 1871578
INFO: 00:02:51	cycles: 3372216	retired: 1874021
INFO: 00:02:51	cycles: 3376297	retired: 1876289
INFO: 00:02:53	cycles: 3380464	retired: 1878604
INFO: 00:02:53	cycles: 3382025	retired: 1879474
INFO: 00:02:54	cycles: 3391023	retired: 1884473
INFO: 00:02:55	cycles: 3399056	retired: 1888936
INFO: 00:02:56	cycles: 3403627	retired: 1891477
INFO: 00:02:57	cycles: 3407853	retired: 1893825
INFO: 00:02:58	cycles: 3409342	retired: 1894652
INFO: 00:02:59	cycles: 3409791	retired: 1894903
INFO: 00:03:00	cycles: 3412671	retired: 1896503
INFO: 00:03:02	cycles: 3416502	retired: 1898632
INFO: 00:03:02	cycles: 3417709	retired: 1899303
INFO: 00:03:03	cycles: 3429487	retired: 1905849
INFO: 00:03:04	cycles: 3440585	retired: 1912016
INFO: 00:03:05	cycles: 3447097	retired: 1915635
INFO: 00:03:07	cycles: 3455227	retired: 1920152
INFO: 00:03:07	cycles: 3461320	retired: 1923538
INFO: 00:03:09	cycles: 3469297	retired: 1927972
INFO: 00:03:09	cycles: 3503476	retired: 1946966
INFO: 00:03:10	cycles: 3512154	retired: 1951789
INFO: 00:03:12	cycles: 3521172	retired: 1956800
INFO: 00:03:12	cycles: 3534808	retired: 1964378
INFO: 00:03:13	cycles: 3546990	retired: 1971147
INFO: 00:03:15	cycles: 3549717	retired: 1972663
INFO: 00:03:16	cycles: 3552843	retired: 1974401
INFO: 00:03:16	cycles: 3557154	retired: 1976797
INFO: 00:03:17	cycles: 3561162	retired: 1979024
INFO: 00:03:18	cycles: 3569496	retired: 1983655
INFO: 00:03:19	cycles: 3580364	retired: 1989694
INFO: 00:03:20	cycles: 3586816	retired: 1993281
INFO: 00:03:21	cycles: 3593498	retired: 1996992
INFO: 00:03:23	cycles: 3606176	retired: 2004039
INFO: 00:03:23	cycles: 3614370	retired: 2008593
INFO: 00:03:24	cycles: 3622652	retired: 2013196
INFO: 00:03:25	cycles: 3627445	retired: 2015859
INFO: 00:03:26	cycles: 3640033	retired: 2022855
INFO: 00:03:27	cycles: 3655753	retired: 2031589
INFO: 00:03:28	cycles: 3663937	retired: 2036138
INFO: 00:03:30	cycles: 3663937	retired: 2036138
INFO: 00:03:31	cycles: 3663937	retired: 2036138
INFO: 00:03:31	cycles: 3663937	retired: 2036138
INFO: 00:03:32	cycles: 3666586	retired: 2037610
INFO: 00:03:34	cycles: 3670148	retired: 2039590
INFO: 00:03:35	cycles: 3674393	retired: 2041949
INFO: 00:03:36	cycles: 3679537	retired: 2044807
INFO: 00:03:36	cycles: 3680286	retired: 2045224
INFO: 00:03:38	cycles: 3683623	retired: 2047077
INFO: 00:03:38	cycles: 3694259	retired: 2052988
INFO: 00:03:40	cycles: 3714423	retired: 2064195
INFO: 00:03:40	cycles: 3719444	retired: 2066984
INFO: 00:03:41	cycles: 3724243	retired: 2069652
INFO: 00:03:42	cycles: 3732480	retired: 2074230
INFO: 00:03:43	cycles: 3738591	retired: 2077625
INFO: 00:03:44	cycles: 3748236	retired: 2082984
INFO: 00:03:46	cycles: 3750852	retired: 2084440
INFO: 00:03:47	cycles: 3752746	retired: 2085492
INFO: 00:03:47	cycles: 3753644	retired: 2085990
INFO: 00:03:48	cycles: 3756994	retired: 2087852
INFO: 00:03:52	cycles: 3758700	retired: 2088800
INFO: 00:03:52	cycles: 3759393	retired: 2089185
INFO: 00:03:53	cycles: 3760757	retired: 2089944
INFO: 00:03:55	cycles: 3762936	retired: 2091154
INFO: 00:03:56	cycles: 3763622	retired: 2091536
INFO: 00:03:57	cycles: 3764728	retired: 2092150
INFO: 00:03:57	cycles: 3767416	retired: 2093644
INFO: 00:03:59	cycles: 3769105	retired: 2094583
INFO: 00:04:00	cycles: 3772409	retired: 2096419
INFO: 00:04:00	cycles: 3777641	retired: 2099325
INFO: 00:04:01	cycles: 3782567	retired: 2102063
INFO: 00:04:03	cycles: 3783851	retired: 2102777
INFO: 00:04:03	cycles: 3791456	retired: 2107004
INFO: 00:04:05	cycles: 3795456	retired: 2109226
INFO: 00:04:05	cycles: 3800594	retired: 2112083
INFO: 00:04:07	cycles: 3803589	retired: 2113746
INFO: 00:04:08	cycles: 3807176	retired: 2115740
INFO: 00:04:09	cycles: 3807954	retired: 2116173
INFO: 00:04:09	cycles: 3813295	retired: 2119139
INFO: 00:04:11	cycles: 3816572	retired: 2120962
INFO: 00:04:12	cycles: 3817595	retired: 2121530
INFO: 00:04:12	cycles: 3821411	retired: 2123650
INFO: 00:04:13	cycles: 3822213	retired: 2124095
INFO: 00:04:14	cycles: 3826364	retired: 2126403
INFO: 00:04:16	cycles: 3831403	retired: 2129203
INFO: 00:04:16	cycles: 3832653	retired: 2129897
INFO: 00:04:17	cycles: 3836933	retired: 2132277
INFO: 00:04:19	cycles: 3842118	retired: 2135157
INFO: 00:04:19	cycles: 3844492	retired: 2136478
INFO: 00:04:21	cycles: 3850839	retired: 2140003
INFO: 00:04:21	cycles: 3853296	retired: 2141371
INFO: 00:04:22	cycles: 3861787	retired: 2146089
INFO: 00:04:24	cycles: 3867535	retired: 2149282
INFO: 00:04:25	cycles: 3867698	retired: 2149372
INFO: 00:04:26	cycles: 3868399	retired: 2149762
INFO: 00:04:27	cycles: 3870607	retired: 2150991
INFO: 00:04:28	cycles: 3872953	retired: 2152293
INFO: 00:04:29	cycles: 3875906	retired: 2153935
INFO: 00:04:29	cycles: 3877021	retired: 2154553
INFO: 00:04:31	cycles: 3877475	retired: 2154806
INFO: 00:04:31	cycles: 3880344	retired: 2156402
INFO: 00:04:33	cycles: 3884337	retired: 2158619
INFO: 00:04:33	cycles: 3889956	retired: 2161743
INFO: 00:04:35	cycles: 3894805	retired: 2164437
INFO: 00:04:35	cycles: 3898337	retired: 2166401
INFO: 00:04:37	cycles: 3902017	retired: 2168445
INFO: 00:04:37	cycles: 3904423	retired: 2169781
INFO: 00:04:38	cycles: 3909524	retired: 2172617
INFO: 00:04:40	cycles: 3916971	retired: 2176756
INFO: 00:04:40	cycles: 3922175	retired: 2179648
INFO: 00:04:41	cycles: 3932567	retired: 2185422
INFO: 00:04:43	cycles: 3935577	retired: 2187095
INFO: 00:04:43	cycles: 3939046	retired: 2189023
INFO: 00:04:44	cycles: 3946195	retired: 2192996
INFO: 00:04:46	cycles: 3947137	retired: 2193519
INFO: 00:04:47	cycles: 3949528	retired: 2194848
INFO: 00:04:48	cycles: 3951860	retired: 2196144
INFO: 00:04:48	cycles: 3956609	retired: 2198783
INFO: 00:04:49	cycles: 3967233	retired: 2204688
INFO: 00:04:51	cycles: 3972316	retired: 2207512
INFO: 00:04:51	cycles: 3979645	retired: 2211584
INFO: 00:04:52	cycles: 3986128	retired: 2215188
INFO: 00:04:54	cycles: 3998503	retired: 2222064
INFO: 00:04:54	cycles: 4010751	retired: 2228872
INFO: 00:04:55	cycles: 4018088	retired: 2232949
INFO: 00:04:56	cycles: 4030994	retired: 2240120
INFO: 00:04:57	cycles: 4038674	retired: 2244389
INFO: 00:04:58	cycles: 4045180	retired: 2248004
INFO: 00:05:00	cycles: 4049521	retired: 2250417
INFO: 00:05:01	cycles: 4051194	retired: 2251346
INFO: 00:05:01	cycles: 4053459	retired: 2252605
INFO: 00:05:02	cycles: 4058406	retired: 2255354
INFO: 00:05:03	cycles: 4067208	retired: 2260247
INFO: 00:05:05	cycles: 4072093	retired: 2262959
INFO: 00:05:05	cycles: 4074446	retired: 2264268
INFO: 00:05:07	cycles: 4081237	retired: 2268041
INFO: 00:05:07	cycles: 4082692	retired: 2268851
INFO: 00:05:08	cycles: 4088150	retired: 2271884
INFO: 00:05:09	cycles: 4090666	retired: 2273281
INFO: 00:05:10	cycles: 4093688	retired: 2274962
INFO: 00:05:12	cycles: 4095294	retired: 2275854
INFO: 00:05:12	cycles: 4095943	retired: 2276215
INFO: 00:05:14	cycles: 4101063	retired: 2279061
INFO: 00:05:14	cycles: 4106326	retired: 2281984
INFO: 00:05:15	cycles: 4109780	retired: 2283903
INFO: 00:05:16	cycles: 4114864	retired: 2286729
INFO: 00:05:18	cycles: 4119105	retired: 2289085
INFO: 00:05:19	cycles: 4119618	retired: 2289372
INFO: 00:05:19	cycles: 4120375	retired: 2289793
INFO: 00:05:21	cycles: 4122420	retired: 2290928
INFO: 00:05:21	cycles: 4126398	retired: 2293138
INFO: 00:05:22	cycles: 4130867	retired: 2295623
INFO: 00:05:23	cycles: 4137250	retired: 2299169
INFO: 00:05:24	cycles: 4142162	retired: 2301900
INFO: 00:05:25	cycles: 4144703	retired: 2303311
INFO: 00:05:26	cycles: 4151051	retired: 2306839
INFO: 00:05:27	cycles: 4155534	retired: 2309330
INFO: 00:05:28	cycles: 4160504	retired: 2312092
INFO: 00:05:30	cycles: 4166292	retired: 2315310
INFO: 00:05:30	cycles: 4171173	retired: 2318021
INFO: 00:05:32	cycles: 4174339	retired: 2319780
INFO: 00:05:32	cycles: 4176431	retired: 2320944
INFO: 00:05:33	cycles: 4180180	retired: 2323026
INFO: 00:05:34	cycles: 4185358	retired: 2325905
INFO: 00:05:35	cycles: 4190554	retired: 2328792
INFO: 00:05:36	cycles: 4194049	retired: 2330735
INFO: 00:05:37	cycles: 4198435	retired: 2333171
INFO: 00:05:38	cycles: 4200270	retired: 2334191
INFO: 00:05:40	cycles: 4206773	retired: 2337805
INFO: 00:05:40	cycles: 4213501	retired: 2341545
INFO: 00:05:41	cycles: 4226814	retired: 2348942
INFO: 00:05:43	cycles: 4233226	retired: 2352506
INFO: 00:05:44	cycles: 4236487	retired: 2354317
INFO: 00:05:44	cycles: 4243046	retired: 2357963
INFO: 00:05:46	cycles: 4252858	retired: 2363416
INFO: 00:05:46	cycles: 4253362	retired: 2363696
INFO: 00:05:47	cycles: 4260501	retired: 2367664
INFO: 00:05:48	cycles: 4264222	retired: 2369730
INFO: 00:05:49	cycles: 4270415	retired: 2373173
INFO: 00:05:50	cycles: 4276427	retired: 2376515
INFO: 00:05:52	cycles: 4279934	retired: 2378462
INFO: 00:05:53	cycles: 4282566	retired: 2379925
INFO: 00:05:53	cycles: 4284824	retired: 2381180
INFO: 00:05:54	cycles: 4291221	retired: 2384735
INFO: 00:05:55	cycles: 4296606	retired: 2387728
INFO: 00:05:56	cycles: 4312719	retired: 2396683
INFO: 00:05:57	cycles: 4324666	retired: 2403322
INFO: 00:05:58	cycles: 4330482	retired: 2406552
INFO: 00:06:00	cycles: 4344252	retired: 2414206
INFO: 00:06:01	cycles: 4344790	retired: 2414504
INFO: 00:06:01	cycles: 4354506	retired: 2419905
INFO: 00:06:02	cycles: 4365238	retired: 2425868
INFO: 00:06:03	cycles: 4368390	retired: 2427621
INFO: 00:06:04	cycles: 4380865	retired: 2434553
INFO: 00:06:06	cycles: 4384662	retired: 2436662
INFO: 00:06:06	cycles: 4386900	retired: 2437907
INFO: 00:06:07	cycles: 4390480	retired: 2439896
INFO: 00:06:09	cycles: 4394584	retired: 2442176
INFO: 00:06:09	cycles: 4401678	retired: 2446118
INFO: 00:06:10	cycles: 4415022	retired: 2453535
INFO: 00:06:12	cycles: 4437273	retired: 2465900
INFO: 00:06:12	cycles: 4445123	retired: 2470263
INFO: 00:06:14	cycles: 4449295	retired: 2472580
INFO: 00:06:14	cycles: 4451023	retired: 2473541
INFO: 00:06:15	cycles: 4461426	retired: 2479322
INFO: 00:06:16	cycles: 4466299	retired: 2482030
INFO: 00:06:17	cycles: 4475979	retired: 2487409
INFO: 00:06:18	cycles: 4490271	retired: 2495353
INFO: 00:06:19	cycles: 4495104	retired: 2498038
INFO: 00:06:20	cycles: 4513751	retired: 2508400
INFO: 00:06:22	cycles: 4530162	retired: 2517520
INFO: 00:06:22	cycles: 4530379	retired: 2517641
INFO: 00:06:23	cycles: 4536958	retired: 2521298
INFO: 00:06:24	cycles: 4548915	retired: 2527942
INFO: 00:06:25	cycles: 4552058	retired: 2529688
INFO: 00:06:26	cycles: 4560561	retired: 2534413
INFO: 00:06:27	cycles: 4562098	retired: 2535269
INFO: 00:06:29	cycles: 4565700	retired: 2537271
INFO: 00:06:29	cycles: 4569625	retired: 2539451
INFO: 00:06:30	cycles: 4573095	retired: 2541379
INFO: 00:06:31	cycles: 4582772	retired: 2546758
INFO: 00:06:32	cycles: 4589811	retired: 2550669
INFO: 00:06:33	cycles: 4596340	retired: 2554296
INFO: 00:06:34	cycles: 4609841	retired: 2561801
INFO: 00:06:35	cycles: 4619948	retired: 2567417
INFO: 00:06:36	cycles: 4631502	retired: 2573838
INFO: 00:06:37	cycles: 4640056	retired: 2578591
INFO: 00:06:38	cycles: 4653772	retired: 2586214
INFO: 00:06:39	cycles: 4662710	retired: 2591180
INFO: 00:06:40	cycles: 4667557	retired: 2593874
INFO: 00:06:41	cycles: 4672670	retired: 2596716
INFO: 00:06:43	cycles: 4677393	retired: 2599340
INFO: 00:06:43	cycles: 4680300	retired: 2600955
INFO: 00:06:45	cycles: 4686668	retired: 2604494
INFO: 00:06:46	cycles: 4686720	retired: 2604524
INFO: 00:06:46	cycles: 4687709	retired: 2605073
INFO: 00:06:47	cycles: 4720012	retired: 2623025
INFO: 00:06:48	cycles: 4729326	retired: 2628201
INFO: 00:06:50	cycles: 4743066	retired: 2635836
INFO: 00:06:50	cycles: 4744923	retired: 2636867
INFO: 00:06:51	cycles: 4753068	retired: 2641394
INFO: 00:06:52	cycles: 4763979	retired: 2647457
INFO: 00:06:54	cycles: 4767639	retired: 2649493
INFO: 00:06:55	cycles: 4768500	retired: 2649970
INFO: 00:06:55	cycles: 4777066	retired: 2654731
INFO: 00:06:56	cycles: 4790573	retired: 2662237
INFO: 00:06:57	cycles: 4796541	retired: 2665553
INFO: 00:06:58	cycles: 4797184	retired: 2665911
INFO: 00:06:59	cycles: 4805368	retired: 2670459
INFO: 00:07:00	cycles: 4808519	retired: 2672209
INFO: 00:07:02	cycles: 4811398	retired: 2673811
INFO: 00:07:02	cycles: 4817828	retired: 2677383
INFO: 00:07:03	cycles: 4827942	retired: 2683004
INFO: 00:07:04	cycles: 4834283	retired: 2686527
INFO: 00:07:06	cycles: 4840829	retired: 2690166
INFO: 00:07:07	cycles: 4842307	retired: 2690988
INFO: 00:07:07	cycles: 4850944	retired: 2695787
INFO: 00:07:09	cycles: 4854066	retired: 2697522
INFO: 00:07:10	cycles: 4860047	retired: 2700846
INFO: 00:07:10	cycles: 4874070	retired: 2708638
INFO: 00:07:12	cycles: 4883518	retired: 2713888
INFO: 00:07:12	cycles: 4891058	retired: 2718078
INFO: 00:07:13	cycles: 4898950	retired: 2722464
INFO: 00:07:14	cycles: 4904981	retired: 2725817
INFO: 00:07:16	cycles: 4918171	retired: 2733146
INFO: 00:07:17	cycles: 4922424	retired: 2735511
INFO: 00:07:17	cycles: 4933771	retired: 2741816
INFO: 00:07:18	cycles: 4945805	retired: 2748503
INFO: 00:07:20	cycles: 4950178	retired: 2750934
INFO: 00:07:20	cycles: 4957182	retired: 2754825
INFO: 00:07:21	cycles: 4967361	retired: 2760483
INFO: 00:07:22	cycles: 4971868	retired: 2762987
INFO: 00:07:23	cycles: 4989308	retired: 2772679
INFO: 00:07:25	cycles: 4997282	retired: 2777110
INFO: 00:07:25	cycles: 5003169	retired: 2780381
INFO: 00:07:26	cycles: 5014350	retired: 2786596
INFO: 00:07:27	cycles: 5023670	retired: 2791776
INFO: 00:07:28	cycles: 5033657	retired: 2797325
INFO: 00:07:30	cycles: 5036405	retired: 2798852
INFO: 00:07:30	cycles: 5037998	retired: 2799737
INFO: 00:07:32	cycles: 5051554	retired: 2807271
INFO: 00:07:32	cycles: 5053205	retired: 2808189
INFO: 00:07:33	cycles: 5062026	retired: 2813090
INFO: 00:07:34	cycles: 5067436	retired: 2816096
INFO: 00:07:35	cycles: 5074731	retired: 2820151
INFO: 00:07:37	cycles: 5081560	retired: 2823946
INFO: 00:07:37	cycles: 5085627	retired: 2826205
INFO: 00:07:39	cycles: 5089216	retired: 2828200
INFO: 00:07:39	cycles: 5091986	retired: 2829740
INFO: 00:07:40	cycles: 5096204	retired: 2832084
INFO: 00:07:41	cycles: 5106911	retired: 2838035
INFO: 00:07:42	cycles: 5115286	retired: 2842688
INFO: 00:07:43	cycles: 5119629	retired: 2845101
INFO: 00:07:44	cycles: 5126830	retired: 2849104
INFO: 00:07:46	cycles: 5133602	retired: 2852868
INFO: 00:07:46	cycles: 5134403	retired: 2853313
INFO: 00:07:48	cycles: 5137244	retired: 2854890
INFO: 00:07:49	cycles: 5139773	retired: 2856295
INFO: 00:07:49	cycles: 5141447	retired: 2857225
INFO: 00:07:51	cycles: 5150500	retired: 2862256
INFO: 00:07:51	cycles: 5158225	retired: 2866550
INFO: 00:07:53	cycles: 5165820	retired: 2870771
INFO: 00:07:53	cycles: 5169343	retired: 2872728
INFO: 00:07:54	cycles: 5174614	retired: 2875659
INFO: 00:07:55	cycles: 5182357	retired: 2879962
INFO: 00:07:56	cycles: 5188897	retired: 2883596
INFO: 00:07:57	cycles: 5190130	retired: 2884281
INFO: 00:07:59	cycles: 5192086	retired: 2885368
INFO: 00:07:59	cycles: 5199520	retired: 2889500
INFO: 00:08:00	cycles: 5211052	retired: 2895908
INFO: 00:08:01	cycles: 5218715	retired: 2900167
INFO: 00:08:03	cycles: 5222335	retired: 2902177
INFO: 00:08:03	cycles: 5231787	retired: 2907430
INFO: 00:08:04	cycles: 5240788	retired: 2912432
INFO: 00:08:05	cycles: 5245865	retired: 2915255
INFO: 00:08:06	cycles: 5258158	retired: 2922086
INFO: 00:08:07	cycles: 5261498	retired: 2923941
INFO: 00:08:08	cycles: 5264690	retired: 2925716
INFO: 00:08:10	cycles: 5271659	retired: 2929589
INFO: 00:08:10	cycles: 5275223	retired: 2931569
INFO: 00:08:11	cycles: 5284635	retired: 2936799
INFO: 00:08:12	cycles: 5291528	retired: 2940630
INFO: 00:08:13	cycles: 5295157	retired: 2942647
INFO: 00:08:14	cycles: 5306173	retired: 2948768
INFO: 00:08:16	cycles: 5314575	retired: 2953437
INFO: 00:08:16	cycles: 5317934	retired: 2955305
INFO: 00:08:17	cycles: 5325879	retired: 2959719
INFO: 00:08:19	cycles: 5327166	retired: 2960436
INFO: 00:08:19	cycles: 5330194	retired: 2962118
INFO: 00:08:21	cycles: 5332883	retired: 2963611
INFO: 00:08:22	cycles: 5341206	retired: 2968237
INFO: 00:08:24	cycles: 5345949	retired: 2970873
INFO: 00:08:25	cycles: 5347821	retired: 2971913
INFO: 00:08:25	cycles: 5348718	retired: 2972412
INFO: 00:08:27	cycles: 5355206	retired: 2976018
INFO: 00:08:28	cycles: 5356749	retired: 2976875
INFO: 00:08:28	cycles: 5357792	retired: 2977454
INFO: 00:08:29	cycles: 5361549	retired: 2979542
INFO: 00:08:30	cycles: 5365908	retired: 2981965
INFO: 00:08:31	cycles: 5371477	retired: 2985059
INFO: 00:08:32	cycles: 5379043	retired: 2989264
INFO: 00:08:33	cycles: 5386444	retired: 2993377
INFO: 00:08:34	cycles: 5399655	retired: 3000718
INFO: 00:08:36	cycles: 5405924	retired: 3004203
INFO: 00:08:36	cycles: 5414328	retired: 3008873
INFO: 00:08:38	cycles: 5424848	retired: 3014719
INFO: 00:08:39	cycles: 5428057	retired: 3016503
INFO: 00:08:39	cycles: 5430066	retired: 3017620
INFO: 00:08:40	cycles: 5440192	retired: 3023247
INFO: 00:08:41	cycles: 5442960	retired: 3024784
INFO: 00:08:42	cycles: 5460916	retired: 3034763
INFO: 00:08:43	cycles: 5469805	retired: 3039703
INFO: 00:08:44	cycles: 5475550	retired: 3042897
INFO: 00:08:45	cycles: 5484241	retired: 3047726
INFO: 00:08:47	cycles: 5487838	retired: 3049725
INFO: 00:08:47	cycles: 5493917	retired: 3053104
INFO: 00:08:48	cycles: 5503256	retired: 3058293
INFO: 00:08:49	cycles: 5512121	retired: 3063219
INFO: 00:08:50	cycles: 5516234	retired: 3065505
INFO: 00:08:51	cycles: 5531423	retired: 3073946
INFO: 00:08:53	cycles: 5535868	retired: 3076416
INFO: 00:08:54	cycles: 5536377	retired: 3076698
INFO: 00:08:54	cycles: 5542937	retired: 3080344
INFO: 00:08:55	cycles: 5549678	retired: 3084090
INFO: 00:08:56	cycles: 5553417	retired: 3086168
INFO: 00:08:58	cycles: 5559017	retired: 3089281
INFO: 00:08:58	cycles: 5560914	retired: 3090334
INFO: 00:09:00	cycles: 5569365	retired: 3095031
INFO: 00:09:00	cycles: 5575583	retired: 3098488
INFO: 00:09:01	cycles: 5581964	retired: 3102032
INFO: 00:09:02	cycles: 5590771	retired: 3106927
INFO: 00:09:03	cycles: 5593504	retired: 3108444
INFO: 00:09:04	cycles: 5598034	retired: 3110963
INFO: 00:09:06	cycles: 5601851	retired: 3113083
INFO: 00:09:07	cycles: 5603620	retired: 3114069
INFO: 00:09:08	cycles: 5605840	retired: 3115301
INFO: 00:09:09	cycles: 5607554	retired: 3116254
INFO: 00:09:09	cycles: 5608730	retired: 3116906
INFO: 00:09:11	cycles: 5614091	retired: 3119887
INFO: 00:09:11	cycles: 5618323	retired: 3122237
INFO: 00:09:13	cycles: 5624592	retired: 3125722
INFO: 00:09:13	cycles: 5632892	retired: 3130334
INFO: 00:09:15	cycles: 5641263	retired: 3134987
INFO: 00:09:15	cycles: 5654802	retired: 3142510
INFO: 00:09:17	cycles: 5663749	retired: 3147482
INFO: 00:09:17	cycles: 5667886	retired: 3149782
INFO: 00:09:18	cycles: 5678879	retired: 3155891
INFO: 00:09:19	cycles: 5686675	retired: 3160223
INFO: 00:09:20	cycles: 5695196	retired: 3164959
INFO: 00:09:21	cycles: 5711405	retired: 3173965
INFO: 00:09:23	cycles: 5714909	retired: 3175913
INFO: 00:09:23	cycles: 5725282	retired: 3181678
INFO: 00:09:24	cycles: 5732403	retired: 3185635
INFO: 00:09:25	cycles: 5736439	retired: 3187878
INFO: 00:09:26	cycles: 5750997	retired: 3195969
INFO: 00:09:27	cycles: 5759103	retired: 3200472
INFO: 00:09:28	cycles: 5769885	retired: 3206465
INFO: 00:09:30	cycles: 5778997	retired: 3211529
INFO: 00:09:30	cycles: 5782353	retired: 3213393
INFO: 00:09:31	cycles: 5789092	retired: 3217139
INFO: 00:09:32	cycles: 5791970	retired: 3218738
INFO: 00:09:33	cycles: 5795093	retired: 3220473
INFO: 00:09:35	cycles: 5802279	retired: 3224467
INFO: 00:09:35	cycles: 5816238	retired: 3232224
INFO: 00:09:36	cycles: 5826450	retired: 3237900
INFO: 00:09:39	cycles: 5827100	retired: 3238260
INFO: 00:09:40	cycles: 5828890	retired: 3239255
INFO: 00:09:41	cycles: 5834719	retired: 3242495
INFO: 00:09:42	cycles: 5840390	retired: 3245646
INFO: 00:09:43	cycles: 5844323	retired: 3247832
INFO: 00:09:44	cycles: 5851552	retired: 3251851
INFO: 00:09:45	cycles: 5855853	retired: 3254239
INFO: 00:09:46	cycles: 5862092	retired: 3257707
INFO: 00:09:47	cycles: 5866761	retired: 3260301
INFO: 00:09:48	cycles: 5872022	retired: 3263225
INFO: 00:09:49	cycles: 5875473	retired: 3265143
INFO: 00:09:50	cycles: 5892230	retired: 3274455
INFO: 00:09:51	cycles: 5905429	retired: 3281790
INFO: 00:09:52	cycles: 5914346	retired: 3286744
INFO: 00:09:53	cycles: 5922339	retired: 3291188
INFO: 00:09:54	cycles: 5935438	retired: 3298467
INFO: 00:09:55	cycles: 5939531	retired: 3300741
INFO: 00:09:56	cycles: 5943525	retired: 3302960
INFO: 00:09:57	cycles: 5958695	retired: 3311392
INFO: 00:09:58	cycles: 5969523	retired: 3317408
INFO: 00:09:59	cycles: 5975647	retired: 3320811
INFO: 00:10:00	cycles: 5986563	retired: 3326877
INFO: 00:10:01	cycles: 5988392	retired: 3327895
INFO: 00:10:02	cycles: 5991788	retired: 3329782
INFO: 00:10:03	cycles: 5995381	retired: 3331778
INFO: 00:10:04	cycles: 6004702	retired: 3336958
INFO: 00:10:05	cycles: 6015793	retired: 3343121
INFO: 00:10:06	cycles: 6020953	retired: 3345989
INFO: 00:10:07	cycles: 6028533	retired: 3350202
INFO: 00:10:08	cycles: 6035065	retired: 3353832
INFO: 00:10:09	cycles: 6039825	retired: 3356477
INFO: 00:10:10	cycles: 6057244	retired: 3366158
INFO: 00:10:11	cycles: 6064364	retired: 3370114
INFO: 00:10:12	cycles: 6069224	retired: 3372814
INFO: 00:10:13	cycles: 6075009	retired: 3376030
INFO: 00:10:14	cycles: 6081961	retired: 3379893
INFO: 00:10:15	cycles: 6092958	retired: 3386004
INFO: 00:10:16	cycles: 6103657	retired: 3391950
INFO: 00:10:17	cycles: 6110383	retired: 3395689
INFO: 00:10:18	cycles: 6118286	retired: 3400079
INFO: 00:10:19	cycles: 6123464	retired: 3402957
INFO: 00:10:20	cycles: 6134499	retired: 3409089
INFO: 00:10:21	cycles: 6144326	retired: 3414550
INFO: 00:10:22	cycles: 6153232	retired: 3419500
INFO: 00:10:23	cycles: 6158813	retired: 3422601
INFO: 00:10:24	cycles: 6165584	retired: 3426365
INFO: 00:10:25	cycles: 6169707	retired: 3428661
INFO: 00:10:26	cycles: 6175018	retired: 3431608
INFO: 00:10:27	cycles: 6180165	retired: 3434467
INFO: 00:10:28	cycles: 6185812	retired: 3437606
INFO: 00:10:29	cycles: 6192091	retired: 3441094
INFO: 00:10:30	cycles: 6200677	retired: 3445866
INFO: 00:10:31	cycles: 6208487	retired: 3450206
INFO: 00:10:32	cycles: 6213507	retired: 3452997
INFO: 00:10:33	cycles: 6229107	retired: 3461665
INFO: 00:10:35	cycles: 6232092	retired: 3463324
INFO: 00:10:35	cycles: 6232807	retired: 3463722
INFO: 00:10:36	cycles: 6237495	retired: 3466327
INFO: 00:10:37	cycles: 6238249	retired: 3466745
INFO: 00:10:38	cycles: 6239942	retired: 3467688
INFO: 00:10:39	cycles: 6242555	retired: 3469139
INFO: 00:10:40	cycles: 6244118	retired: 3470008
INFO: 00:10:41	cycles: 6244465	retired: 3470200
INFO: 00:10:42	cycles: 6246121	retired: 3471120
INFO: 00:10:43	cycles: 6246924	retired: 3471566
INFO: 00:10:44	cycles: 6247465	retired: 3471867
INFO: 00:10:45	cycles: 6249295	retired: 3472885
INFO: 00:10:46	cycles: 6256988	retired: 3477161
INFO: 00:10:47	cycles: 6263234	retired: 3480630
INFO: 00:10:49	cycles: 6264189	retired: 3481161
INFO: 00:10:49	cycles: 6264376	retired: 3481265
INFO: 00:10:50	cycles: 6271945	retired: 3485472
INFO: 00:10:51	cycles: 6277942	retired: 3488804
INFO: 00:10:52	cycles: 6290198	retired: 3495615
INFO: 00:10:53	cycles: 6294104	retired: 3497786
INFO: 00:10:54	cycles: 6298156	retired: 3500039
INFO: 00:10:55	cycles: 6310687	retired: 3507001
INFO: 00:10:56	cycles: 6311302	retired: 3507342
INFO: 00:10:57	cycles: 6320319	retired: 3512353
INFO: 00:10:58	cycles: 6326730	retired: 3515917
INFO: 00:10:59	cycles: 6333204	retired: 3519515
INFO: 00:11:00	cycles: 6337626	retired: 3521972
INFO: 00:11:01	cycles: 6352024	retired: 3529975
INFO: 00:11:02	cycles: 6360894	retired: 3534903
INFO: 00:11:03	cycles: 6365484	retired: 3537453
INFO: 00:11:04	cycles: 6365636	retired: 3537538
INFO: 00:11:05	cycles: 6371924	retired: 3541033
INFO: 00:11:06	cycles: 6376930	retired: 3543815
INFO: 00:11:07	cycles: 6377556	retired: 3544163
INFO: 00:11:08	cycles: 6381630	retired: 3546426
INFO: 00:11:09	cycles: 6386272	retired: 3549006
INFO: 00:11:10	cycles: 6390405	retired: 3551303
INFO: 00:11:11	cycles: 6404292	retired: 3559020
INFO: 00:11:12	cycles: 6415885	retired: 3565464
INFO: 00:11:13	cycles: 6420032	retired: 3567767
INFO: 00:11:14	cycles: 6426825	retired: 3571543
INFO: 00:11:15	cycles: 6430660	retired: 3573673
INFO: 00:11:16	cycles: 6437299	retired: 3577364
INFO: 00:11:17	cycles: 6452316	retired: 3585708
INFO: 00:11:18	cycles: 6456635	retired: 3588108
INFO: 00:11:19	cycles: 6462879	retired: 3591579
INFO: 00:11:20	cycles: 6467580	retired: 3594190
INFO: 00:11:21	cycles: 6471775	retired: 3596523
INFO: 00:11:22	cycles: 6480159	retired: 3601181
INFO: 00:11:23	cycles: 6484503	retired: 3603595
INFO: 00:11:24	cycles: 6488127	retired: 3605610
INFO: 00:11:25	cycles: 6491713	retired: 3607602
INFO: 00:11:26	cycles: 6495582	retired: 3609752
INFO: 00:11:27	cycles: 6505549	retired: 3615291
INFO: 00:11:28	cycles: 6514475	retired: 3620252
INFO: 00:11:29	cycles: 6518760	retired: 3622633
INFO: 00:11:30	cycles: 6521112	retired: 3623940
INFO: 00:11:31	cycles: 6526683	retired: 3627036
INFO: 00:11:32	cycles: 6538909	retired: 3633830
INFO: 00:11:33	cycles: 6546354	retired: 3637968
INFO: 00:11:34	cycles: 6548846	retired: 3639352
INFO: 00:11:35	cycles: 6557766	retired: 3644309
INFO: 00:11:36	cycles: 6559994	retired: 3645547
INFO: 00:11:37	cycles: 6568177	retired: 3650095
INFO: 00:11:39	cycles: 6573123	retired: 3652844
INFO: 00:11:39	cycles: 6573398	retired: 3652996
INFO: 00:11:40	cycles: 6574936	retired: 3653851
INFO: 00:11:42	cycles: 6576865	retired: 3654924
INFO: 00:11:43	cycles: 6579288	retired: 3656269
INFO: 00:11:45	cycles: 6580138	retired: 3656742
INFO: 00:11:46	cycles: 6582631	retired: 3658127
INFO: 00:11:47	cycles: 6582934	retired: 3658297
INFO: 00:11:47	cycles: 6586129	retired: 3660071
INFO: 00:11:49	cycles: 6587184	retired: 3660657
INFO: 00:11:49	cycles: 6587966	retired: 3661092
INFO: 00:11:52	cycles: 6589004	retired: 3661670
INFO: 00:11:54	cycles: 6594340	retired: 3664634
INFO: 00:11:54	cycles: 6596255	retired: 3665698
INFO: 00:11:55	cycles: 6598867	retired: 3667151
INFO: 00:11:56	cycles: 6604305	retired: 3670172
INFO: 00:11:57	cycles: 6605118	retired: 3670624
INFO: 00:11:58	cycles: 6607008	retired: 3671674
INFO: 00:11:59	cycles: 6613531	retired: 3675299
INFO: 00:12:00	cycles: 6616739	retired: 3677084
INFO: 00:12:01	cycles: 6620137	retired: 3678971
INFO: 00:12:02	cycles: 6623986	retired: 3681109
INFO: 00:12:03	cycles: 6628724	retired: 3683742
INFO: 00:12:04	cycles: 6631254	retired: 3685148
INFO: 00:12:05	cycles: 6632570	retired: 3685880
INFO: 00:12:06	cycles: 6634556	retired: 3686982
INFO: 00:12:07	cycles: 6635587	retired: 3687557
INFO: 00:12:08	cycles: 6635828	retired: 3687691
INFO: 00:12:09	cycles: 6636663	retired: 3688155
INFO: 00:12:10	cycles: 6637271	retired: 3688493
INFO: 00:12:11	cycles: 6639501	retired: 3689732
INFO: 00:12:12	cycles: 6640383	retired: 3690222
INFO: 00:12:13	cycles: 6641998	retired: 3691118
INFO: 00:12:14	cycles: 6647054	retired: 3693929
INFO: 00:12:15	cycles: 6648041	retired: 3694477
INFO: 00:12:16	cycles: 6650862	retired: 3696044
INFO: 00:12:17	cycles: 6654807	retired: 3698238
INFO: 00:12:18	cycles: 6658864	retired: 3700492
INFO: 00:12:19	cycles: 6660435	retired: 3701365
INFO: 00:12:20	cycles: 6662154	retired: 3702320
INFO: 00:12:21	cycles: 6664103	retired: 3703404
INFO: 00:12:22	cycles: 6668088	retired: 3705618
INFO: 00:12:23	cycles: 6670434	retired: 3706921
INFO: 00:12:24	cycles: 6674887	retired: 3709397
INFO: 00:12:25	cycles: 6679713	retired: 3712077
INFO: 00:12:26	cycles: 6682472	retired: 3713613
INFO: 00:12:27	cycles: 6687651	retired: 3716489
INFO: 00:12:28	cycles: 6691102	retired: 3718408
INFO: 00:12:29	cycles: 6696677	retired: 3721505
INFO: 00:12:30	cycles: 6697169	retired: 3721779
INFO: 00:12:31	cycles: 6703664	retired: 3725389
INFO: 00:12:32	cycles: 6711961	retired: 3729999
INFO: 00:12:33	cycles: 6723864	retired: 3736614
INFO: 00:12:34	cycles: 6728758	retired: 3739334
INFO: 00:12:35	cycles: 6735670	retired: 3743175
INFO: 00:12:36	cycles: 6744171	retired: 3747899
INFO: 00:12:37	cycles: 6747632	retired: 3749823
INFO: 00:12:38	cycles: 6750647	retired: 3751498
INFO: 00:12:39	cycles: 6758967	retired: 3756122
INFO: 00:12:40	cycles: 6760322	retired: 3756874
INFO: 00:12:41	cycles: 6770901	retired: 3762753
INFO: 00:12:42	cycles: 6775697	retired: 3765419
INFO: 00:12:43	cycles: 6783698	retired: 3769866
INFO: 00:12:44	cycles: 6790112	retired: 3773429
INFO: 00:12:45	cycles: 6797830	retired: 3777718
INFO: 00:12:46	cycles: 6807154	retired: 3782900
INFO: 00:12:47	cycles: 6810672	retired: 3784856
INFO: 00:12:48	cycles: 6812239	retired: 3785727
INFO: 00:12:49	cycles: 6814197	retired: 3786815
INFO: 00:12:50	cycles: 6819021	retired: 3789495
INFO: 00:12:51	cycles: 6822425	retired: 3791387
INFO: 00:12:52	cycles: 6827540	retired: 3794228
INFO: 00:12:53	cycles: 6836208	retired: 3799046
INFO: 00:12:54	cycles: 6838959	retired: 3800575
INFO: 00:12:55	cycles: 6849450	retired: 3806406
INFO: 00:12:56	cycles: 6853173	retired: 3808474
INFO: 00:12:57	cycles: 6865418	retired: 3815280
INFO: 00:12:58	cycles: 6872708	retired: 3819330
INFO: 00:12:59	cycles: 6882604	retired: 3824829
INFO: 00:13:00	cycles: 6892314	retired: 3830225
INFO: 00:13:01	cycles: 6896176	retired: 3832373
INFO: 00:13:02	cycles: 6904867	retired: 3837202
INFO: 00:13:03	cycles: 6914761	retired: 3842701
INFO: 00:13:04	cycles: 6918796	retired: 3844943
INFO: 00:13:05	cycles: 6931122	retired: 3851793
INFO: 00:13:06	cycles: 6938593	retired: 3855943
INFO: 00:13:07	cycles: 6939900	retired: 3856671
INFO: 00:13:08	cycles: 6945791	retired: 3859944
INFO: 00:13:09	cycles: 6948052	retired: 3861201
INFO: 00:13:10	cycles: 6961202	retired: 3868508
INFO: 00:13:11	cycles: 6965692	retired: 3871003
INFO: 00:13:12	cycles: 6970231	retired: 3873527
INFO: 00:13:13	cycles: 6981636	retired: 3879864
INFO: 00:13:14	cycles: 6986385	retired: 3882504
INFO: 00:13:15	cycles: 6998778	retired: 3889390
INFO: 00:13:16	cycles: 7002569	retired: 3891497
INFO: 00:13:17	cycles: 7012755	retired: 3897159
INFO: 00:13:18	cycles: 7027008	retired: 3905078
INFO: 00:13:19	cycles: 7036983	retired: 3910621
INFO: 00:13:20	cycles: 7038317	retired: 3911364
INFO: 00:13:21	cycles: 7051441	retired: 3918658
INFO: 00:13:22	cycles: 7061398	retired: 3924191
INFO: 00:13:23	cycles: 7072246	retired: 3930218
INFO: 00:13:24	cycles: 7083344	retired: 3936386
INFO: 00:13:25	cycles: 7092722	retired: 3941597
INFO: 00:13:26	cycles: 7105255	retired: 3948563
INFO: 00:13:27	cycles: 7111645	retired: 3952113
INFO: 00:13:28	cycles: 7114596	retired: 3953754
INFO: 00:13:29	cycles: 7122029	retired: 3957883
INFO: 00:13:30	cycles: 7129484	retired: 3962026
INFO: 00:13:31	cycles: 7135803	retired: 3965539
INFO: 00:13:32	cycles: 7139916	retired: 3967824
INFO: 00:13:33	cycles: 7143096	retired: 3969593
INFO: 00:13:34	cycles: 7151109	retired: 3974045
INFO: 00:13:35	cycles: 7165064	retired: 3981800
INFO: 00:13:36	cycles: 7172728	retired: 3986059
INFO: 00:13:37	cycles: 7186624	retired: 3993780
INFO: 00:13:38	cycles: 7193015	retired: 3997333
INFO: 00:13:39	cycles: 7200235	retired: 4001345
INFO: 00:13:40	cycles: 7212743	retired: 4008296
INFO: 00:13:41	cycles: 7220408	retired: 4012556
INFO: 00:13:42	cycles: 7233569	retired: 4019869
INFO: 00:13:43	cycles: 7246877	retired: 4027265
INFO: 00:13:44	cycles: 7248938	retired: 4028410
INFO: 00:13:45	cycles: 7265582	retired: 4037660
INFO: 00:13:46	cycles: 7274204	retired: 4042452
INFO: 00:13:47	cycles: 7277507	retired: 4044287
INFO: 00:13:48	cycles: 7286362	retired: 4049208
INFO: 00:13:49	cycles: 7291786	retired: 4052223
INFO: 00:13:50	cycles: 7305330	retired: 4059749
INFO: 00:13:51	cycles: 7312773	retired: 4063886
INFO: 00:13:52	cycles: 7325329	retired: 4070862
INFO: 00:13:53	cycles: 7334060	retired: 4075714
INFO: 00:13:54	cycles: 7342509	retired: 4080409
INFO: 00:13:55	cycles: 7346456	retired: 4082604
INFO: 00:13:56	cycles: 7360989	retired: 4090679
INFO: 00:13:57	cycles: 7367845	retired: 4094490
INFO: 00:13:58	cycles: 7367845	retired: 4094490
INFO: 00:13:59	cycles: 7367845	retired: 4094490
INFO: 00:14:00	cycles: 7367845	retired: 4094490
INFO: 00:14:01	cycles: 7367845	retired: 4094490
INFO: 00:14:02	cycles: 7377094	retired: 4099630
INFO: 00:14:03	cycles: 7382041	retired: 4102379
INFO: 00:14:04	cycles: 7386968	retired: 4105117
INFO: 00:14:05	cycles: 7394615	retired: 4109367
INFO: 00:14:07	cycles: 7400498	retired: 4112636
INFO: 00:14:07	cycles: 7403011	retired: 4114034
INFO: 00:14:08	cycles: 7410847	retired: 4118387
INFO: 00:14:10	cycles: 7424425	retired: 4125933
INFO: 00:14:10	cycles: 7429272	retired: 4128627
INFO: 00:14:11	cycles: 7440418	retired: 4134821
INFO: 00:14:12	cycles: 7445793	retired: 4137809
INFO: 00:14:13	cycles: 7452897	retired: 4141755
INFO: 00:14:14	cycles: 7466322	retired: 4149216
INFO: 00:14:15	cycles: 7474919	retired: 4153994
INFO: 00:14:16	cycles: 7483234	retired: 4158615
INFO: 00:14:17	cycles: 7490323	retired: 4162553
INFO: 00:14:18	cycles: 7505621	retired: 4171055
INFO: 00:14:19	cycles: 7510373	retired: 4173697
INFO: 00:14:20	cycles: 7516622	retired: 4177168
INFO: 00:14:21	cycles: 7521791	retired: 4180042
INFO: 00:14:22	cycles: 7531014	retired: 4185168
INFO: 00:14:23	cycles: 7551838	retired: 4196740
INFO: 00:14:24	cycles: 7553795	retired: 4197827
INFO: 00:14:25	cycles: 7568431	retired: 4205961
INFO: 00:14:26	cycles: 7583558	retired: 4214366
INFO: 00:14:27	cycles: 7590229	retired: 4218074
INFO: 00:14:28	cycles: 7596128	retired: 4221352
INFO: 00:14:30	cycles: 7608670	retired: 4228322
INFO: 00:14:30	cycles: 7609631	retired: 4228856
INFO: 00:14:31	cycles: 7612632	retired: 4230524
INFO: 00:14:32	cycles: 7616106	retired: 4232455
INFO: 00:14:33	cycles: 7625477	retired: 4237663
INFO: 00:14:34	cycles: 7633464	retired: 4242101
INFO: 00:14:35	cycles: 7646315	retired: 4249242
INFO: 00:14:36	cycles: 7661865	retired: 4257884
INFO: 00:14:37	cycles: 7664918	retired: 4259581
INFO: 00:14:38	cycles: 7672819	retired: 4263971
INFO: 00:14:39	cycles: 7686964	retired: 4271832
INFO: 00:14:40	cycles: 7697788	retired: 4277848
INFO: 00:14:41	cycles: 7716022	retired: 4287980
INFO: 00:14:42	cycles: 7725721	retired: 4293371
INFO: 00:14:43	cycles: 7731436	retired: 4296547
INFO: 00:14:44	cycles: 7751601	retired: 4307753
INFO: 00:14:45	cycles: 7756324	retired: 4310377
INFO: 00:14:46	cycles: 7765105	retired: 4315257
INFO: 00:14:47	cycles: 7773086	retired: 4319692
INFO: 00:14:48	cycles: 7776957	retired: 4321844
INFO: 00:14:49	cycles: 7795914	retired: 4332379
INFO: 00:14:50	cycles: 7812548	retired: 4341622
INFO: 00:14:51	cycles: 7825564	retired: 4348856
INFO: 00:14:52	cycles: 7832058	retired: 4352464
INFO: 00:14:53	cycles: 7838810	retired: 4356216
INFO: 00:14:54	cycles: 7859141	retired: 4367515
INFO: 00:14:55	cycles: 7868321	retired: 4372616
INFO: 00:14:56	cycles: 7886744	retired: 4382854
INFO: 00:14:57	cycles: 7890735	retired: 4385074
INFO: 00:14:58	cycles: 7894137	retired: 4386963
INFO: 00:14:59	cycles: 7896724	retired: 4388400
INFO: 00:15:00	cycles: 7900545	retired: 4390525
INFO: 00:15:01	cycles: 7917015	retired: 4399677
INFO: 00:15:02	cycles: 7928135	retired: 4405857
INFO: 00:15:03	cycles: 7933745	retired: 4408973
INFO: 00:15:04	cycles: 7944819	retired: 4415129
INFO: 00:15:05	cycles: 7952556	retired: 4419429
INFO: 00:15:06	cycles: 7967287	retired: 4427615
INFO: 00:15:07	cycles: 7973220	retired: 4430912
INFO: 00:15:08	cycles: 7974846	retired: 4431816
INFO: 00:15:09	cycles: 7986883	retired: 4438504
INFO: 00:15:10	cycles: 7990229	retired: 4440365
INFO: 00:15:11	cycles: 8000139	retired: 4445872
INFO: 00:15:12	cycles: 8009411	retired: 4451025
INFO: 00:15:13	cycles: 8017300	retired: 4455408
INFO: 00:15:14	cycles: 8024164	retired: 4459222
INFO: 00:15:15	cycles: 8030365	retired: 4462669
INFO: 00:15:16	cycles: 8038505	retired: 4467193
INFO: 00:15:17	cycles: 8044049	retired: 4470273
INFO: 00:15:18	cycles: 8050529	retired: 4473874
INFO: 00:15:19	cycles: 8056670	retired: 4477287
INFO: 00:15:20	cycles: 8058153	retired: 4478111
INFO: 00:15:21	cycles: 8059762	retired: 4479005
INFO: 00:15:22	cycles: 8063117	retired: 4480869
INFO: 00:15:23	cycles: 8072339	retired: 4485994
INFO: 00:15:24	cycles: 8075196	retired: 4487582
INFO: 00:15:25	cycles: 8079839	retired: 4490162
INFO: 00:15:26	cycles: 8096720	retired: 4499544
INFO: 00:15:27	cycles: 8110036	retired: 4506944
INFO: 00:15:28	cycles: 8127472	retired: 4516632
INFO: 00:15:29	cycles: 8136580	retired: 4521695
INFO: 00:15:30	cycles: 8141102	retired: 4524208
INFO: 00:15:31	cycles: 8149598	retired: 4528930
INFO: 00:15:32	cycles: 8172196	retired: 4541487
INFO: 00:15:33	cycles: 8176234	retired: 4543732
INFO: 00:15:34	cycles: 8194039	retired: 4553627
INFO: 00:15:35	cycles: 8196726	retired: 4555120
INFO: 00:15:36	cycles: 8202952	retired: 4558580
INFO: 00:15:37	cycles: 8225458	retired: 4571086
INFO: 00:15:38	cycles: 8230692	retired: 4573996
INFO: 00:15:39	cycles: 8238156	retired: 4578142
INFO: 00:15:40	cycles: 8256179	retired: 4588158
INFO: 00:15:41	cycles: 8264518	retired: 4592792
INFO: 00:15:42	cycles: 8274043	retired: 4598085
INFO: 00:15:43	cycles: 8304251	retired: 4614874
INFO: 00:15:44	cycles: 8310771	retired: 4618497
INFO: 00:15:45	cycles: 8325781	retired: 4626839
INFO: 00:15:46	cycles: 8339253	retired: 4634325
INFO: 00:15:47	cycles: 8341709	retired: 4635691
INFO: 00:15:48	cycles: 8361905	retired: 4646913
INFO: 00:15:49	cycles: 8368017	retired: 4650311
INFO: 00:15:50	cycles: 8375620	retired: 4654534
INFO: 00:15:51	cycles: 8379160	retired: 4656502
INFO: 00:15:52	cycles: 8380198	retired: 4657080
INFO: 00:15:53	cycles: 8391758	retired: 4663503
INFO: 00:15:54	cycles: 8413447	retired: 4675557
INFO: 00:15:55	cycles: 8419976	retired: 4679184
INFO: 00:15:56	cycles: 8428550	retired: 4683950
INFO: 00:15:57	cycles: 8441069	retired: 4690907
INFO: 00:15:58	cycles: 8447337	retired: 4694389
INFO: 00:15:59	cycles: 8468453	retired: 4706124
INFO: 00:16:00	cycles: 8475068	retired: 4709801
INFO: 00:16:01	cycles: 8480601	retired: 4712876
INFO: 00:16:02	cycles: 8494558	retired: 4720632
INFO: 00:16:03	cycles: 8501414	retired: 4724442
INFO: 00:16:04	cycles: 8507744	retired: 4727960
INFO: 00:16:06	cycles: 8523868	retired: 4736920
INFO: 00:16:06	cycles: 8524080	retired: 4737038
INFO: 00:16:07	cycles: 8530056	retired: 4740358
INFO: 00:16:08	cycles: 8543046	retired: 4747579
INFO: 00:16:09	cycles: 8546950	retired: 4749748
INFO: 00:16:10	cycles: 8561471	retired: 4757817
INFO: 00:16:11	cycles: 8568086	retired: 4761492
INFO: 00:16:12	cycles: 8582715	retired: 4769623
INFO: 00:16:13	cycles: 8590301	retired: 4773839
INFO: 00:16:14	cycles: 8604036	retired: 4781471
INFO: 00:16:15	cycles: 8615529	retired: 4787857
INFO: 00:16:16	cycles: 8620268	retired: 4790492
INFO: 00:16:17	cycles: 8642918	retired: 4803079
INFO: 00:16:18	cycles: 8654889	retired: 4809732
INFO: 00:16:19	cycles: 8666331	retired: 4816091
INFO: 00:16:20	cycles: 8676220	retired: 4821586
INFO: 00:16:21	cycles: 8687565	retired: 4827890
INFO: 00:16:22	cycles: 8704457	retired: 4837277
INFO: 00:16:23	cycles: 8722865	retired: 4847507
INFO: 00:16:24	cycles: 8728575	retired: 4850682
INFO: 00:16:25	cycles: 8736751	retired: 4855225
INFO: 00:16:26	cycles: 8766081	retired: 4871524
INFO: 00:16:27	cycles: 8770993	retired: 4874253
INFO: 00:16:28	cycles: 8776869	retired: 4877519
INFO: 00:16:29	cycles: 8790587	retired: 4885141
INFO: 00:16:30	cycles: 8795678	retired: 4887972
INFO: 00:16:31	cycles: 8798532	retired: 4889557
INFO: 00:16:32	cycles: 8805485	retired: 4893421
INFO: 00:16:33	cycles: 8825120	retired: 4904333
INFO: 00:16:34	cycles: 8836618	retired: 4910723
INFO: 00:16:35	cycles: 8845385	retired: 4915595
INFO: 00:16:36	cycles: 8854627	retired: 4920731
INFO: 00:16:37	cycles: 8866211	retired: 4927169
INFO: 00:16:38	cycles: 8873259	retired: 4931085
INFO: 00:16:39	cycles: 8882005	retired: 4935945
INFO: 00:16:40	cycles: 8898596	retired: 4945166
INFO: 00:16:41	cycles: 8902223	retired: 4947182
INFO: 00:16:42	cycles: 8907518	retired: 4950124
INFO: 00:16:43	cycles: 8922310	retired: 4958345
INFO: 00:16:44	cycles: 8929215	retired: 4962181
INFO: 00:16:45	cycles: 8948197	retired: 4972731
INFO: 00:16:46	cycles: 8964039	retired: 4981534
INFO: 00:16:47	cycles: 8969354	retired: 4984488
INFO: 00:16:48	cycles: 8982434	retired: 4991756
INFO: 00:16:49	cycles: 8989043	retired: 4995429
INFO: 00:16:50	cycles: 8995152	retired: 4998825
INFO: 00:16:51	cycles: 9009937	retired: 5007040
INFO: 00:16:52	cycles: 9017825	retired: 5011424
INFO: 00:16:53	cycles: 9026545	retired: 5016270
INFO: 00:16:54	cycles: 9039841	retired: 5023658
INFO: 00:16:55	cycles: 9047076	retired: 5027679
INFO: 00:16:56	cycles: 9056320	retired: 5032816
INFO: 00:16:57	cycles: 9076135	retired: 5043827
INFO: 00:16:58	cycles: 9081651	retired: 5046893
INFO: 00:16:59	cycles: 9097664	retired: 5055793
INFO: 00:17:00	cycles: 9114373	retired: 5065080
INFO: 00:17:01	cycles: 9132055	retired: 5074903
INFO: 00:17:02	cycles: 9142017	retired: 5080441
INFO: 00:17:03	cycles: 9148879	retired: 5084253
INFO: 00:17:04	cycles: 9158159	retired: 5089411
INFO: 00:17:05	cycles: 9172513	retired: 5097388
INFO: 00:17:06	cycles: 9178474	retired: 5100702
INFO: 00:17:07	cycles: 9183473	retired: 5103479
INFO: 00:17:08	cycles: 9191665	retired: 5108032
INFO: 00:17:09	cycles: 9197460	retired: 5111252
INFO: 00:17:10	cycles: 9206877	retired: 5116485
INFO: 00:17:11	cycles: 9210461	retired: 5118477
INFO: 00:17:12	cycles: 9211122	retired: 5118845
INFO: 00:17:13	cycles: 9212767	retired: 5119757
INFO: 00:17:14	cycles: 9213676	retired: 5120262
INFO: 00:17:15	cycles: 9215328	retired: 5121183
INFO: 00:17:16	cycles: 9215630	retired: 5121351
INFO: 00:17:17	cycles: 9216067	retired: 5121593
INFO: 00:17:18	cycles: 9218625	retired: 5123013
INFO: 00:17:19	cycles: 9227700	retired: 5128057
INFO: 00:17:20	cycles: 9235321	retired: 5132293
INFO: 00:17:21	cycles: 9255488	retired: 5143500
INFO: 00:17:22	cycles: 9261619	retired: 5146908
INFO: 00:17:23	cycles: 9266155	retired: 5149427
INFO: 00:17:24	cycles: 9275545	retired: 5154645
INFO: 00:17:25	cycles: 9290727	retired: 5163083
INFO: 00:17:26	cycles: 9303781	retired: 5170337
INFO: 00:17:27	cycles: 9309945	retired: 5173763
INFO: 00:17:29	cycles: 9315528	retired: 5176864
INFO: 00:17:29	cycles: 9316273	retired: 5177278
INFO: 00:17:30	cycles: 9317415	retired: 5177914
INFO: 00:17:32	cycles: 9328756	retired: 5184217
INFO: 00:17:32	cycles: 9330008	retired: 5184913
INFO: 00:17:33	cycles: 9330753	retired: 5185325
INFO: 00:17:34	cycles: 9342895	retired: 5192073
INFO: 00:17:35	cycles: 9347678	retired: 5194732
INFO: 00:17:36	cycles: 9351605	retired: 5196913
INFO: 00:17:37	cycles: 9357165	retired: 5200003
INFO: 00:17:38	cycles: 9357320	retired: 5200090
INFO: 00:17:39	cycles: 9357829	retired: 5200373
INFO: 00:17:40	cycles: 9363603	retired: 5203582
INFO: 00:17:41	cycles: 9368616	retired: 5206367
INFO: 00:17:42	cycles: 9370543	retired: 5207438
INFO: 00:17:43	cycles: 9375732	retired: 5210322
INFO: 00:17:44	cycles: 9379398	retired: 5212358
INFO: 00:17:45	cycles: 9384285	retired: 5215075
INFO: 00:17:46	cycles: 9392959	retired: 5219895
INFO: 00:17:47	cycles: 9394427	retired: 5220712
INFO: 00:17:48	cycles: 9403249	retired: 5225613
INFO: 00:17:49	cycles: 9406451	retired: 5227393
INFO: 00:17:50	cycles: 9409820	retired: 5229267
INFO: 00:17:51	cycles: 9419380	retired: 5234578
INFO: 00:17:52	cycles: 9425722	retired: 5238102
INFO: 00:17:53	cycles: 9429086	retired: 5239972

Program exited with code: 0
================================== Post-run ==================================
