=============================== Ripes CLI mode ===============================
=========================== Processing input file ===========================
INFO: Loading elf file '${PROJECT_ROOT}/measurements/stage1_support/results/loop-4194304.elf'
=============================== Running model ===============================
INFO: 00:00:01	cycles: 94849	retired: 52694
INFO: 00:00:02	cycles: 173865	retired: 96591
INFO: 00:00:03	cycles: 261898	retired: 145498
INFO: 00:00:04	cycles: 360079	retired: 200044
INFO: 00:00:05	cycles: 438449	retired: 243583
INFO: 00:00:06	cycles: 526332	retired: 292407
INFO: 00:00:07	cycles: 606190	retired: 336772
INFO: 00:00:08	cycles: 663756	retired: 368753
INFO: 00:00:09	cycles: 736434	retired: 409130
INFO: 00:00:10	cycles: 780724	retired: 433736
INFO: 00:00:11	cycles: 847995	retired: 471108
INFO: 00:00:12	cycles: 910835	retired: 506019
INFO: 00:00:13	cycles: 956098	retired: 531166
INFO: 00:00:14	cycles: 1038506	retired: 576948
INFO: 00:00:15	cycles: 1132135	retired: 628963
INFO: 00:00:16	cycles: 1188395	retired: 660220
INFO: 00:00:17	cycles: 1261701	retired: 700945
INFO: 00:00:18	cycles: 1357383	retired: 754101
INFO: 00:00:19	cycles: 1426166	retired: 792315
INFO: 00:00:20	cycles: 1520004	retired: 844446
INFO: 00:00:21	cycles: 1603765	retired: 890981
INFO: 00:00:22	cycles: 1695072	retired: 941706
INFO: 00:00:23	cycles: 1783422	retired: 990790
INFO: 00:00:24	cycles: 1834995	retired: 1019441
INFO: 00:00:25	cycles: 1925465	retired: 1069703
INFO: 00:00:26	cycles: 2010266	retired: 1116814
INFO: 00:00:27	cycles: 2091800	retired: 1162111
INFO: 00:00:28	cycles: 2180040	retired: 1211133
INFO: 00:00:29	cycles: 2259331	retired: 1255183
INFO: 00:00:30	cycles: 2354962	retired: 1308312
INFO: 00:00:31	cycles: 2440557	retired: 1355865
INFO: 00:00:32	cycles: 2458678	retired: 1365932
INFO: 00:00:33	cycles: 2465446	retired: 1369692
INFO: 00:00:34	cycles: 2471423	retired: 1373013
INFO: 00:00:35	cycles: 2484470	retired: 1380261
INFO: 00:00:36	cycles: 2488171	retired: 1382317
INFO: 00:00:37	cycles: 2497070	retired: 1387261
INFO: 00:00:38	cycles: 2499741	retired: 1388745
INFO: 00:00:39	cycles: 2502913	retired: 1390508
INFO: 00:00:40	cycles: 2532798	retired: 1407110
INFO: 00:00:41	cycles: 2546191	retired: 1414551
INFO: 00:00:42	cycles: 2551336	retired: 1417408
INFO: 00:00:43	cycles: 2564814	retired: 1424896
INFO: 00:00:44	cycles: 2573337	retired: 1429632
INFO: 00:00:45	cycles: 2579736	retired: 1433186
INFO: 00:00:46	cycles: 2584954	retired: 1436086
INFO: 00:00:47	cycles: 2590710	retired: 1439283
INFO: 00:00:48	cycles: 2595220	retired: 1441788
INFO: 00:00:49	cycles: 2603848	retired: 1446583
INFO: 00:00:50	cycles: 2605079	retired: 1447266
INFO: 00:00:51	cycles: 2617803	retired: 1454335
INFO: 00:00:52	cycles: 2625318	retired: 1458510
INFO: 00:00:53	cycles: 2639786	retired: 1466548
INFO: 00:00:54	cycles: 2645424	retired: 1469680
INFO: 00:00:55	cycles: 2658287	retired: 1476826
INFO: 00:00:56	cycles: 2670548	retired: 1483638
INFO: 00:00:57	cycles: 2676222	retired: 1486790
INFO: 00:00:58	cycles: 2713163	retired: 1507313
INFO: 00:00:59	cycles: 2730051	retired: 1516695
INFO: 00:01:00	cycles: 2746482	retired: 1525823
INFO: 00:01:01	cycles: 2751388	retired: 1528548
INFO: 00:01:02	cycles: 2759316	retired: 1532953
INFO: 00:01:03	cycles: 2778777	retired: 1543765
INFO: 00:01:04	cycles: 2790171	retired: 1550095
INFO: 00:01:05	cycles: 2805288	retired: 1558493
INFO: 00:01:06	cycles: 2822284	retired: 1567936
INFO: 00:01:07	cycles: 2825175	retired: 1569541
INFO: 00:01:08	cycles: 2833794	retired: 1574330
INFO: 00:01:09	cycles: 2838946	retired: 1577192
INFO: 00:01:10	cycles: 2844686	retired: 1580381
INFO: 00:01:11	cycles: 2855523	retired: 1586401
INFO: 00:01:12	cycles: 2863230	retired: 1590683
INFO: 00:01:13	cycles: 2876932	retired: 1598296
INFO: 00:01:14	cycles: 2880174	retired: 1600096
INFO: 00:01:15	cycles: 2898320	retired: 1610178
INFO: 00:01:16	cycles: 2921970	retired: 1623316
INFO: 00:01:17	cycles: 2926290	retired: 1625716
INFO: 00:01:18	cycles: 2935663	retired: 1630923
INFO: 00:01:19	cycles: 2945561	retired: 1636423
INFO: 00:01:20	cycles: 2954249	retired: 1641250
INFO: 00:01:21	cycles: 2962712	retired: 1645951
INFO: 00:01:22	cycles: 2969708	retired: 1649838
INFO: 00:01:23	cycles: 2979847	retired: 1655471
INFO: 00:01:24	cycles: 2988293	retired: 1660163
INFO: 00:01:25	cycles: 2999079	retired: 1666155
INFO: 00:01:26	cycles: 3006314	retired: 1670174
INFO: 00:01:27	cycles: 3018472	retired: 1676928
INFO: 00:01:28	cycles: 3036273	retired: 1686818
INFO: 00:01:29	cycles: 3043615	retired: 1690897
INFO: 00:01:30	cycles: 3057652	retired: 1698696
INFO: 00:01:31	cycles: 3068198	retired: 1704554
INFO: 00:01:32	cycles: 3073326	retired: 1707403
INFO: 00:01:33	cycles: 3075841	retired: 1708801
INFO: 00:01:34	cycles: 3091781	retired: 1717656
INFO: 00:01:35	cycles: 3101912	retired: 1723284
INFO: 00:01:36	cycles: 3111589	retired: 1728661
INFO: 00:01:37	cycles: 3117403	retired: 1731891
INFO: 00:01:38	cycles: 3124764	retired: 1735980
INFO: 00:01:39	cycles: 3129974	retired: 1738874
INFO: 00:01:40	cycles: 3142193	retired: 1745663
INFO: 00:01:41	cycles: 3150444	retired: 1750247
INFO: 00:01:42	cycles: 3153780	retired: 1752100
INFO: 00:01:43	cycles: 3166793	retired: 1759329
INFO: 00:01:44	cycles: 3176630	retired: 1764794
INFO: 00:01:45	cycles: 3182074	retired: 1767818
INFO: 00:01:46	cycles: 3190142	retired: 1772301
INFO: 00:01:47	cycles: 3196265	retired: 1775703
INFO: 00:01:48	cycles: 3203916	retired: 1779953
INFO: 00:01:49	cycles: 3207574	retired: 1781986
INFO: 00:01:50	cycles: 3212743	retired: 1784857
INFO: 00:01:51	cycles: 3217205	retired: 1787336
INFO: 00:01:52	cycles: 3227236	retired: 1792908
INFO: 00:01:53	cycles: 3230421	retired: 1794678
INFO: 00:01:54	cycles: 3232425	retired: 1795791
INFO: 00:01:55	cycles: 3241179	retired: 1800655
INFO: 00:01:56	cycles: 3251236	retired: 1806242
INFO: 00:01:57	cycles: 3255623	retired: 1808679
INFO: 00:01:58	cycles: 3266144	retired: 1814524
INFO: 00:01:59	cycles: 3274765	retired: 1819313
INFO: 00:02:00	cycles: 3279823	retired: 1822123
INFO: 00:02:01	cycles: 3298699	retired: 1832611
INFO: 00:02:02	cycles: 3303940	retired: 1835522
INFO: 00:02:03	cycles: 3314335	retired: 1841297
INFO: 00:02:04	cycles: 3330801	retired: 1850445
INFO: 00:02:05	cycles: 3334212	retired: 1852340
INFO: 00:02:06	cycles: 3346655	retired: 1859253
INFO: 00:02:07	cycles: 3355960	retired: 1864422
INFO: 00:02:08	cycles: 3360752	retired: 1867084
INFO: 00:02:09	cycles: 3368213	retired: 1871230
INFO: 00:02:10	cycles: 3370226	retired: 1872348
INFO: 00:02:11	cycles: 3373324	retired: 1874068
INFO: 00:02:12	cycles: 3387550	retired: 1881972
INFO: 00:02:13	cycles: 3398696	retired: 1888165
INFO: 00:02:14	cycles: 3402745	retired: 1890413
INFO: 00:02:15	cycles: 3410476	retired: 1894708
INFO: 00:02:16	cycles: 3411344	retired: 1895191
INFO: 00:02:17	cycles: 3413212	retired: 1896229
INFO: 00:02:18	cycles: 3417786	retired: 1898770
INFO: 00:02:19	cycles: 3426108	retired: 1903393
INFO: 00:02:20	cycles: 3433681	retired: 1907601
INFO: 00:02:21	cycles: 3437531	retired: 1909739
INFO: 00:02:22	cycles: 3451172	retired: 1917318
INFO: 00:02:23	cycles: 3455744	retired: 1919858
INFO: 00:02:24	cycles: 3457769	retired: 1920983
INFO: 00:02:25	cycles: 3471623	retired: 1928679
INFO: 00:02:26	cycles: 3476736	retired: 1931521
INFO: 00:02:27	cycles: 3485085	retired: 1936158
INFO: 00:02:28	cycles: 3513748	retired: 1952082
INFO: 00:02:29	cycles: 3521163	retired: 1956202
INFO: 00:02:30	cycles: 3537874	retired: 1965486
INFO: 00:02:31	cycles: 3545222	retired: 1969568
INFO: 00:02:32	cycles: 3546410	retired: 1970228
INFO: 00:02:33	cycles: 3549583	retired: 1971991
INFO: 00:02:34	cycles: 3555022	retired: 1975013
INFO: 00:02:35	cycles: 3562764	retired: 1979313
INFO: 00:02:36	cycles: 3573494	retired: 1985274
INFO: 00:02:37	cycles: 3585905	retired: 1992169
INFO: 00:02:38	cycles: 3593545	retired: 1996413
INFO: 00:02:39	cycles: 3597496	retired: 1998608
INFO: 00:02:40	cycles: 3610977	retired: 2006098
INFO: 00:02:41	cycles: 3621618	retired: 2012010
INFO: 00:02:42	cycles: 3629940	retired: 2016633
INFO: 00:02:43	cycles: 3641790	retired: 2023216
INFO: 00:02:44	cycles: 3655841	retired: 2031023
INFO: 00:02:45	cycles: 3673145	retired: 2040636
INFO: 00:02:46	cycles: 3682687	retired: 2045937
INFO: 00:02:47	cycles: 3687090	retired: 2048383
INFO: 00:02:48	cycles: 3696734	retired: 2053741
INFO: 00:02:49	cycles: 3698281	retired: 2054601
INFO: 00:02:50	cycles: 3706277	retired: 2059043
INFO: 00:02:51	cycles: 3714100	retired: 2063388
INFO: 00:02:52	cycles: 3721045	retired: 2067248
INFO: 00:02:53	cycles: 3733847	retired: 2074359
INFO: 00:02:54	cycles: 3748106	retired: 2082281
INFO: 00:02:55	cycles: 3753653	retired: 2085363
INFO: 00:02:56	cycles: 3773085	retired: 2096158
INFO: 00:02:57	cycles: 3784540	retired: 2102523
INFO: 00:02:58	cycles: 3788107	retired: 2104504
INFO: 00:02:59	cycles: 3806460	retired: 2114700
INFO: 00:03:00	cycles: 3810885	retired: 2117158
INFO: 00:03:01	cycles: 3822566	retired: 2123648
INFO: 00:03:02	cycles: 3829180	retired: 2127322
INFO: 00:03:03	cycles: 3835326	retired: 2130737
INFO: 00:03:04	cycles: 3837673	retired: 2132041
INFO: 00:03:05	cycles: 3838208	retired: 2132338
INFO: 00:03:06	cycles: 3839313	retired: 2132951
INFO: 00:03:07	cycles: 3848092	retired: 2137828
INFO: 00:03:08	cycles: 3861576	retired: 2145320
INFO: 00:03:10	cycles: 3865940	retired: 2147745
INFO: 00:03:10	cycles: 3866141	retired: 2147856
INFO: 00:03:11	cycles: 3877961	retired: 2154423
INFO: 00:03:12	cycles: 3880033	retired: 2155573
INFO: 00:03:13	cycles: 3884327	retired: 2157960
INFO: 00:03:14	cycles: 3892306	retired: 2162392
INFO: 00:03:15	cycles: 3893036	retired: 2162798
INFO: 00:03:16	cycles: 3898069	retired: 2165593
INFO: 00:03:17	cycles: 3903361	retired: 2168533
INFO: 00:03:18	cycles: 3908370	retired: 2171316
INFO: 00:03:19	cycles: 3918085	retired: 2176714
INFO: 00:03:20	cycles: 3922697	retired: 2179276
INFO: 00:03:21	cycles: 3924774	retired: 2180430
INFO: 00:03:22	cycles: 3924934	retired: 2180519
INFO: 00:03:29	cycles: 3925363	retired: 2180757
INFO: 00:03:34	cycles: 3925760	retired: 2180978
INFO: 00:03:39	cycles: 3927542	retired: 2181968
INFO: 00:03:40	cycles: 3927946	retired: 2182192
INFO: 00:03:41	cycles: 3933044	retired: 2185024
INFO: 00:03:42	cycles: 3942450	retired: 2190250
INFO: 00:03:44	cycles: 3943912	retired: 2191062
INFO: 00:03:45	cycles: 3944192	retired: 2191218
INFO: 00:03:49	cycles: 3944700	retired: 2191500
INFO: 00:03:50	cycles: 3948012	retired: 2193340
INFO: 00:03:51	cycles: 3950933	retired: 2194963
INFO: 00:03:52	cycles: 3951455	retired: 2195253
INFO: 00:03:53	cycles: 3951991	retired: 2195551
INFO: 00:03:56	cycles: 3959424	retired: 2199681
INFO: 00:03:58	cycles: 3963977	retired: 2202209
INFO: 00:03:58	cycles: 3964523	retired: 2202513
INFO: 00:03:59	cycles: 3967858	retired: 2204366
INFO: 00:04:02	cycles: 3970369	retired: 2205761
INFO: 00:04:03	cycles: 3974176	retired: 2207876
INFO: 00:04:05	cycles: 3974914	retired: 2208286
INFO: 00:04:07	cycles: 3978332	retired: 2210184
INFO: 00:04:08	cycles: 3978949	retired: 2210527
INFO: 00:04:10	cycles: 3980157	retired: 2211198
INFO: 00:04:11	cycles: 3980332	retired: 2211296
INFO: 00:04:11	cycles: 3980879	retired: 2211600
INFO: 00:04:13	cycles: 3981345	retired: 2211858
INFO: 00:04:13	cycles: 3983457	retired: 2213031
INFO: 00:04:16	cycles: 3987299	retired: 2215166
INFO: 00:04:18	cycles: 3987669	retired: 2215371
INFO: 00:04:21	cycles: 3990605	retired: 2217003
INFO: 00:04:22	cycles: 3997977	retired: 2221098
INFO: 00:04:23	cycles: 4000180	retired: 2222323
INFO: 00:04:24	cycles: 4004692	retired: 2224828
INFO: 00:04:25	cycles: 4010790	retired: 2228216
INFO: 00:04:26	cycles: 4011383	retired: 2228546
INFO: 00:04:27	cycles: 4016839	retired: 2231577
INFO: 00:04:28	cycles: 4022515	retired: 2234731
INFO: 00:04:29	cycles: 4023182	retired: 2235101
INFO: 00:04:30	cycles: 4028121	retired: 2237845
INFO: 00:04:31	cycles: 4028699	retired: 2238166
INFO: 00:04:32	cycles: 4029035	retired: 2238353
INFO: 00:04:33	cycles: 4041794	retired: 2245441
INFO: 00:04:34	cycles: 4047444	retired: 2248580
INFO: 00:04:35	cycles: 4055224	retired: 2252902
INFO: 00:04:36	cycles: 4060660	retired: 2255922
INFO: 00:04:37	cycles: 4063497	retired: 2257498
INFO: 00:04:38	cycles: 4070275	retired: 2261263
INFO: 00:04:40	cycles: 4076931	retired: 2264961
INFO: 00:04:41	cycles: 4083269	retired: 2268483
INFO: 00:04:42	cycles: 4088133	retired: 2271185
INFO: 00:04:43	cycles: 4094689	retired: 2274828
INFO: 00:04:44	cycles: 4103972	retired: 2279984
INFO: 00:04:45	cycles: 4106128	retired: 2281183
INFO: 00:04:46	cycles: 4112970	retired: 2284983
INFO: 00:04:48	cycles: 4115861	retired: 2286590
INFO: 00:04:48	cycles: 4119102	retired: 2288390
INFO: 00:04:49	cycles: 4119945	retired: 2288858
INFO: 00:04:51	cycles: 4121098	retired: 2289498
INFO: 00:04:52	cycles: 4121718	retired: 2289843
INFO: 00:04:52	cycles: 4125695	retired: 2292053
INFO: 00:04:53	cycles: 4130583	retired: 2294768
INFO: 00:04:54	cycles: 4136527	retired: 2298071
INFO: 00:04:56	cycles: 4137319	retired: 2298511
INFO: 00:04:56	cycles: 4146907	retired: 2303837
INFO: 00:04:57	cycles: 4155188	retired: 2308438
INFO: 00:04:58	cycles: 4159479	retired: 2310821
INFO: 00:04:59	cycles: 4170407	retired: 2316893
INFO: 00:05:00	cycles: 4177976	retired: 2321098
INFO: 00:05:01	cycles: 4182706	retired: 2323726
INFO: 00:05:02	cycles: 4197356	retired: 2331864
INFO: 00:05:03	cycles: 4203604	retired: 2335336
INFO: 00:05:04	cycles: 4214359	retired: 2341311
INFO: 00:05:05	cycles: 4231151	retired: 2350639
INFO: 00:05:06	cycles: 4246415	retired: 2359119
INFO: 00:05:07	cycles: 4250912	retired: 2361618
INFO: 00:05:08	cycles: 4269401	retired: 2371889
INFO: 00:05:09	cycles: 4279259	retired: 2377366
INFO: 00:05:10	cycles: 4293407	retired: 2385226
INFO: 00:05:11	cycles: 4306867	retired: 2392703
INFO: 00:05:12	cycles: 4315315	retired: 2397398
INFO: 00:05:13	cycles: 4335276	retired: 2408486
INFO: 00:05:14	cycles: 4353058	retired: 2418366
INFO: 00:05:15	cycles: 4365501	retired: 2425278
INFO: 00:05:17	cycles: 4376216	retired: 2431231
INFO: 00:05:18	cycles: 4381757	retired: 2434309
INFO: 00:05:19	cycles: 4393470	retired: 2440816
INFO: 00:05:20	cycles: 4395029	retired: 2441683
INFO: 00:05:21	cycles: 4408339	retired: 2449078
INFO: 00:05:22	cycles: 4417717	retired: 2454287
INFO: 00:05:23	cycles: 4430950	retired: 2461638
INFO: 00:05:24	cycles: 4440104	retired: 2466724
INFO: 00:05:25	cycles: 4447376	retired: 2470764
INFO: 00:05:26	cycles: 4456439	retired: 2475799
INFO: 00:05:27	cycles: 4472542	retired: 2484746
INFO: 00:05:28	cycles: 4487245	retired: 2492913
INFO: 00:05:29	cycles: 4496733	retired: 2498185
INFO: 00:05:30	cycles: 4501689	retired: 2500938
INFO: 00:05:31	cycles: 4518187	retired: 2510103
INFO: 00:05:33	cycles: 4519287	retired: 2510716
INFO: 00:05:33	cycles: 4523290	retired: 2512938
INFO: 00:05:34	cycles: 4536189	retired: 2520105
INFO: 00:05:35	cycles: 4542038	retired: 2523354
INFO: 00:05:36	cycles: 4552259	retired: 2529033
INFO: 00:05:38	cycles: 4562813	retired: 2534896
INFO: 00:05:38	cycles: 4569539	retired: 2538633
INFO: 00:05:39	cycles: 4577729	retired: 2543183
INFO: 00:05:40	cycles: 4579067	retired: 2543926
INFO: 00:05:41	cycles: 4585188	retired: 2547327
INFO: 00:05:42	cycles: 4591449	retired: 2550805
INFO: 00:05:43	cycles: 4599972	retired: 2555540
INFO: 00:05:44	cycles: 4607357	retired: 2559643
INFO: 00:05:45	cycles: 4614103	retired: 2563391
INFO: 00:05:46	cycles: 4623026	retired: 2568348
INFO: 00:05:47	cycles: 4633651	retired: 2574251
INFO: 00:05:48	cycles: 4637979	retired: 2576655
INFO: 00:05:49	cycles: 4649924	retired: 2583291
INFO: 00:05:50	cycles: 4661189	retired: 2589550
INFO: 00:05:51	cycles: 4667910	retired: 2593283
INFO: 00:05:52	cycles: 4679317	retired: 2599621
INFO: 00:05:54	cycles: 4691152	retired: 2606196
INFO: 00:05:54	cycles: 4695177	retired: 2608431
INFO: 00:05:55	cycles: 4709885	retired: 2616603
INFO: 00:05:56	cycles: 4726737	retired: 2625965
INFO: 00:05:58	cycles: 4729740	retired: 2627633
INFO: 00:05:58	cycles: 4736646	retired: 2631470
INFO: 00:05:59	cycles: 4739070	retired: 2632816
INFO: 00:06:00	cycles: 4741288	retired: 2634048
INFO: 00:06:01	cycles: 4743018	retired: 2635011
INFO: 00:06:02	cycles: 4768838	retired: 2649354
INFO: 00:06:03	cycles: 4777971	retired: 2654428
INFO: 00:06:04	cycles: 4781838	retired: 2656576
INFO: 00:06:05	cycles: 4791686	retired: 2662048
INFO: 00:06:06	cycles: 4800040	retired: 2666688
INFO: 00:06:07	cycles: 4802889	retired: 2668271
INFO: 00:06:08	cycles: 4813652	retired: 2674251
INFO: 00:06:09	cycles: 4825072	retired: 2680596
INFO: 00:06:10	cycles: 4834448	retired: 2685804
INFO: 00:06:11	cycles: 4845272	retired: 2691818
INFO: 00:06:12	cycles: 4851297	retired: 2695165
INFO: 00:06:13	cycles: 4861306	retired: 2700726
INFO: 00:06:14	cycles: 4876636	retired: 2709242
INFO: 00:06:15	cycles: 4885987	retired: 2714437
INFO: 00:06:16	cycles: 4896831	retired: 2720461
INFO: 00:06:17	cycles: 4906584	retired: 2725881
INFO: 00:06:18	cycles: 4915825	retired: 2731013
INFO: 00:06:19	cycles: 4920346	retired: 2733526
INFO: 00:06:20	cycles: 4922432	retired: 2734684
INFO: 00:06:21	cycles: 4931813	retired: 2739896
INFO: 00:06:22	cycles: 4942472	retired: 2745818
INFO: 00:06:23	cycles: 4955245	retired: 2752913
INFO: 00:06:24	cycles: 4966220	retired: 2759011
INFO: 00:06:25	cycles: 4979489	retired: 2766383
INFO: 00:06:27	cycles: 4980615	retired: 2767008
INFO: 00:06:27	cycles: 4982930	retired: 2768294
INFO: 00:06:28	cycles: 4991908	retired: 2773282
INFO: 00:06:29	cycles: 4996075	retired: 2775597
INFO: 00:06:30	cycles: 5007774	retired: 2782096
INFO: 00:06:31	cycles: 5016369	retired: 2786871
INFO: 00:06:32	cycles: 5018218	retired: 2787898
INFO: 00:06:33	cycles: 5031459	retired: 2795255
INFO: 00:06:34	cycles: 5035263	retired: 2797368
INFO: 00:06:35	cycles: 5041283	retired: 2800713
INFO: 00:06:36	cycles: 5052857	retired: 2807143
INFO: 00:06:37	cycles: 5058943	retired: 2810523
INFO: 00:06:38	cycles: 5061456	retired: 2811920
INFO: 00:06:39	cycles: 5071516	retired: 2817508
INFO: 00:06:41	cycles: 5078932	retired: 2821628
INFO: 00:06:41	cycles: 5080413	retired: 2822452
INFO: 00:06:42	cycles: 5093174	retired: 2829541
INFO: 00:06:43	cycles: 5104448	retired: 2835804
INFO: 00:06:44	cycles: 5117096	retired: 2842831
INFO: 00:06:45	cycles: 5128062	retired: 2848923
INFO: 00:06:46	cycles: 5135504	retired: 2853058
INFO: 00:06:48	cycles: 5138313	retired: 2854618
INFO: 00:06:48	cycles: 5139594	retired: 2855330
INFO: 00:06:49	cycles: 5149372	retired: 2860762
INFO: 00:06:50	cycles: 5161611	retired: 2867561
INFO: 00:06:51	cycles: 5173052	retired: 2873918
INFO: 00:06:52	cycles: 5179722	retired: 2877623
INFO: 00:06:53	cycles: 5182804	retired: 2879336
INFO: 00:06:54	cycles: 5189715	retired: 2883175
INFO: 00:06:55	cycles: 5199742	retired: 2888746
INFO: 00:06:56	cycles: 5213956	retired: 2896642
INFO: 00:06:57	cycles: 5219942	retired: 2899968
INFO: 00:06:58	cycles: 5234197	retired: 2907888
INFO: 00:07:00	cycles: 5239635	retired: 2910908
INFO: 00:07:00	cycles: 5240426	retired: 2911348
INFO: 00:07:01	cycles: 5252315	retired: 2917953
INFO: 00:07:02	cycles: 5263365	retired: 2924091
INFO: 00:07:03	cycles: 5269729	retired: 2927627
INFO: 00:07:04	cycles: 5278454	retired: 2932474
INFO: 00:07:05	cycles: 5282519	retired: 2934733
INFO: 00:07:06	cycles: 5296647	retired: 2942581
INFO: 00:07:07	cycles: 5316251	retired: 2953473
INFO: 00:07:08	cycles: 5318773	retired: 2954873
INFO: 00:07:09	cycles: 5324237	retired: 2957909
INFO: 00:07:10	cycles: 5328917	retired: 2960509
INFO: 00:07:11	cycles: 5347134	retired: 2970630
INFO: 00:07:12	cycles: 5360446	retired: 2978026
INFO: 00:07:13	cycles: 5366229	retired: 2981238
INFO: 00:07:14	cycles: 5377915	retired: 2987731
INFO: 00:07:15	cycles: 5390309	retired: 2994616
INFO: 00:07:16	cycles: 5400393	retired: 3000218
INFO: 00:07:17	cycles: 5415223	retired: 3008458
INFO: 00:07:18	cycles: 5418823	retired: 3010457
INFO: 00:07:19	cycles: 5422303	retired: 3012391
INFO: 00:07:20	cycles: 5436316	retired: 3020176
INFO: 00:07:21	cycles: 5448928	retired: 3027182
INFO: 00:07:22	cycles: 5455326	retired: 3030736
INFO: 00:07:23	cycles: 5474022	retired: 3041123
INFO: 00:07:24	cycles: 5476689	retired: 3042605
INFO: 00:07:25	cycles: 5481439	retired: 3045244
INFO: 00:07:26	cycles: 5486040	retired: 3047800
INFO: 00:07:27	cycles: 5491925	retired: 3051069
INFO: 00:07:28	cycles: 5505360	retired: 3058533
INFO: 00:07:29	cycles: 5512026	retired: 3062237
INFO: 00:07:30	cycles: 5526600	retired: 3070333
INFO: 00:07:31	cycles: 5534147	retired: 3074526
INFO: 00:07:32	cycles: 5542362	retired: 3079090
INFO: 00:07:33	cycles: 5552374	retired: 3084652
INFO: 00:07:34	cycles: 5558842	retired: 3088246
INFO: 00:07:35	cycles: 5563713	retired: 3090951
INFO: 00:07:36	cycles: 5576392	retired: 3097996
INFO: 00:07:37	cycles: 5582477	retired: 3101376
INFO: 00:07:38	cycles: 5594164	retired: 3107868
INFO: 00:07:39	cycles: 5599006	retired: 3110558
INFO: 00:07:40	cycles: 5607144	retired: 3115080
INFO: 00:07:41	cycles: 5610615	retired: 3117008
INFO: 00:07:42	cycles: 5617132	retired: 3120629
INFO: 00:07:43	cycles: 5625214	retired: 3125118
INFO: 00:07:44	cycles: 5633062	retired: 3129479
INFO: 00:07:45	cycles: 5639369	retired: 3132983
INFO: 00:07:46	cycles: 5666658	retired: 3148143
INFO: 00:07:47	cycles: 5677014	retired: 3153896
INFO: 00:07:48	cycles: 5683368	retired: 3157426
INFO: 00:07:49	cycles: 5696054	retired: 3164474
INFO: 00:07:50	cycles: 5707378	retired: 3170766
INFO: 00:07:51	cycles: 5708163	retired: 3171201
INFO: 00:07:52	cycles: 5732005	retired: 3184447
INFO: 00:07:53	cycles: 5751989	retired: 3195550
INFO: 00:07:54	cycles: 5759079	retired: 3199488
INFO: 00:07:55	cycles: 5774313	retired: 3207951
INFO: 00:07:56	cycles: 5778735	retired: 3210408
INFO: 00:07:57	cycles: 5792413	retired: 3218007
INFO: 00:07:58	cycles: 5803864	retired: 3224369
INFO: 00:07:59	cycles: 5817546	retired: 3231970
INFO: 00:08:00	cycles: 5831525	retired: 3239736
INFO: 00:08:01	cycles: 5845064	retired: 3247258
INFO: 00:08:02	cycles: 5854683	retired: 3252601
INFO: 00:08:03	cycles: 5877505	retired: 3265281
INFO: 00:08:04	cycles: 5884662	retired: 3269256
INFO: 00:08:05	cycles: 5905309	retired: 3280727
INFO: 00:08:06	cycles: 5915928	retired: 3286626
INFO: 00:08:07	cycles: 5923939	retired: 3291077
INFO: 00:08:08	cycles: 5925967	retired: 3292203
INFO: 00:08:09	cycles: 5925967	retired: 3292203
INFO: 00:08:10	cycles: 5925967	retired: 3292203
INFO: 00:08:11	cycles: 5937740	retired: 3298744
INFO: 00:08:12	cycles: 5950672	retired: 3305928
INFO: 00:08:13	cycles: 5962247	retired: 3312359
INFO: 00:08:14	cycles: 5983549	retired: 3324193
INFO: 00:08:15	cycles: 5992426	retired: 3329126
INFO: 00:08:16	cycles: 6000487	retired: 3333603
INFO: 00:08:17	cycles: 6020562	retired: 3344756
INFO: 00:08:18	cycles: 6022810	retired: 3346006
INFO: 00:08:19	cycles: 6028065	retired: 3348925
INFO: 00:08:20	cycles: 6035449	retired: 3353027
INFO: 00:08:21	cycles: 6037693	retired: 3354273
INFO: 00:08:22	cycles: 6044112	retired: 3357840
INFO: 00:08:23	cycles: 6060960	retired: 3367200
INFO: 00:08:24	cycles: 6064445	retired: 3369136
INFO: 00:08:25	cycles: 6082312	retired: 3379062
INFO: 00:08:26	cycles: 6093373	retired: 3385207
INFO: 00:08:27	cycles: 6105086	retired: 3391714
INFO: 00:08:29	cycles: 6118084	retired: 3398936
INFO: 00:08:29	cycles: 6127669	retired: 3404261
INFO: 00:08:30	cycles: 6139226	retired: 3410681
INFO: 00:08:31	cycles: 6144819	retired: 3413788
INFO: 00:08:32	cycles: 6149719	retired: 3416511
INFO: 00:08:33	cycles: 6162268	retired: 3423482
INFO: 00:08:34	cycles: 6163936	retired: 3424408
INFO: 00:08:35	cycles: 6168785	retired: 3427103
INFO: 00:08:36	cycles: 6182608	retired: 3434782
INFO: 00:08:37	cycles: 6193789	retired: 3440993
INFO: 00:08:38	cycles: 6202036	retired: 3445576
INFO: 00:08:39	cycles: 6203750	retired: 3446528
INFO: 00:08:40	cycles: 6210147	retired: 3450081
INFO: 00:08:41	cycles: 6219605	retired: 3455336
INFO: 00:08:42	cycles: 6229051	retired: 3460583
INFO: 00:08:43	cycles: 6234496	retired: 3463609
INFO: 00:08:44	cycles: 6245587	retired: 3469771
INFO: 00:08:45	cycles: 6254089	retired: 3474493
INFO: 00:08:46	cycles: 6280805	retired: 3489336
INFO: 00:08:47	cycles: 6324595	retired: 3513663
INFO: 00:08:48	cycles: 6349433	retired: 3527463
INFO: 00:08:49	cycles: 6388166	retired: 3548981
INFO: 00:08:50	cycles: 6398966	retired: 3554981
INFO: 00:08:51	cycles: 6423518	retired: 3568621
INFO: 00:08:52	cycles: 6449039	retired: 3582799
INFO: 00:08:53	cycles: 6493528	retired: 3607516
INFO: 00:08:54	cycles: 6549579	retired: 3638655
INFO: 00:08:55	cycles: 6617113	retired: 3676173
INFO: 00:08:56	cycles: 6710201	retired: 3727889
INFO: 00:08:57	cycles: 6804592	retired: 3780328
INFO: 00:08:58	cycles: 6856902	retired: 3809390
INFO: 00:08:59	cycles: 6926048	retired: 3847804
INFO: 00:09:00	cycles: 7011776	retired: 3895431
INFO: 00:09:01	cycles: 7107275	retired: 3948486
INFO: 00:09:02	cycles: 7193643	retired: 3996468
INFO: 00:09:03	cycles: 7267221	retired: 4037346
INFO: 00:09:04	cycles: 7345594	retired: 4080886
INFO: 00:09:05	cycles: 7424098	retired: 4124498
INFO: 00:09:06	cycles: 7500261	retired: 4166811
INFO: 00:09:07	cycles: 7575697	retired: 4208721
INFO: 00:09:08	cycles: 7637163	retired: 4242868
INFO: 00:09:09	cycles: 7707711	retired: 4282061
INFO: 00:09:10	cycles: 7749743	retired: 4305413
INFO: 00:09:11	cycles: 7757295	retired: 4309608
INFO: 00:09:12	cycles: 7800643	retired: 4333691
INFO: 00:09:13	cycles: 7873003	retired: 4373891
INFO: 00:09:14	cycles: 7930115	retired: 4405619
INFO: 00:09:15	cycles: 7953028	retired: 4418349
INFO: 00:09:16	cycles: 8001523	retired: 4445291
INFO: 00:09:17	cycles: 8055640	retired: 4475356
INFO: 00:09:18	cycles: 8111635	retired: 4506463
INFO: 00:09:19	cycles: 8157074	retired: 4531708
INFO: 00:09:20	cycles: 8210273	retired: 4561263
INFO: 00:09:21	cycles: 8277743	retired: 4598746
INFO: 00:09:22	cycles: 8313646	retired: 4618692
INFO: 00:09:23	cycles: 8354327	retired: 4641293
INFO: 00:09:27	cycles: 8371079	retired: 4650599
INFO: 00:09:28	cycles: 8425675	retired: 4680931
INFO: 00:09:29	cycles: 8477091	retired: 4709495
INFO: 00:09:30	cycles: 8531300	retired: 4739611
INFO: 00:09:31	cycles: 8588466	retired: 4771371
INFO: 00:09:32	cycles: 8632576	retired: 4795876
INFO: 00:09:33	cycles: 8694497	retired: 4830276
INFO: 00:09:34	cycles: 8752727	retired: 4862626
INFO: 00:09:35	cycles: 8808382	retired: 4893546
INFO: 00:09:36	cycles: 8869820	retired: 4927678
INFO: 00:09:37	cycles: 8929524	retired: 4960846
INFO: 00:09:38	cycles: 8984138	retired: 4991188
INFO: 00:09:39	cycles: 9049226	retired: 5027348
INFO: 00:09:40	cycles: 9106706	retired: 5059281
INFO: 00:09:41	cycles: 9176234	retired: 5097908
INFO: 00:09:42	cycles: 9204861	retired: 5113811
INFO: 00:09:43	cycles: 9263933	retired: 5146629
INFO: 00:09:44	cycles: 9325336	retired: 5180742
INFO: 00:09:45	cycles: 9395240	retired: 5219578

Program exited with code: 0
================================== Post-run ==================================
