=============================== Ripes CLI mode ===============================
=========================== Processing input file ===========================
INFO: Loading elf file '<PROJECT>/measurements/remaining_verification_20261007/stage1/measurements/stage1_support/results/loop-4194304.elf'
=============================== Running model ===============================
INFO: 00:00:01	cycles: 278505	retired: 154725
INFO: 00:00:02	cycles: 558008	retired: 310004
INFO: 00:00:03	cycles: 838163	retired: 465646
INFO: 00:00:04	cycles: 1117920	retired: 621067
INFO: 00:00:05	cycles: 1383890	retired: 768828
INFO: 00:00:06	cycles: 1647429	retired: 915238
INFO: 00:00:07	cycles: 1915470	retired: 1064151
INFO: 00:00:08	cycles: 2183771	retired: 1213206
INFO: 00:00:09	cycles: 2453103	retired: 1362835
INFO: 00:00:10	cycles: 2722493	retired: 1512496
INFO: 00:00:11	cycles: 2982710	retired: 1657061
INFO: 00:00:12	cycles: 3252262	retired: 1806812
INFO: 00:00:13	cycles: 3521988	retired: 1956660
INFO: 00:00:14	cycles: 3791515	retired: 2106397
INFO: 00:00:15	cycles: 4060894	retired: 2256053
INFO: 00:00:16	cycles: 4330219	retired: 2405677
INFO: 00:00:17	cycles: 4596166	retired: 2553426
INFO: 00:00:18	cycles: 4864759	retired: 2702644
INFO: 00:00:19	cycles: 5133708	retired: 2852060
INFO: 00:00:20	cycles: 5402938	retired: 3001632
INFO: 00:00:21	cycles: 5669693	retired: 3149829
INFO: 00:00:22	cycles: 5925967	retired: 3292203
INFO: 00:00:23	cycles: 6191034	retired: 3439463
INFO: 00:00:24	cycles: 6453318	retired: 3585177
INFO: 00:00:25	cycles: 6714775	retired: 3730431
INFO: 00:00:26	cycles: 6977239	retired: 3876243
INFO: 00:00:27	cycles: 7237522	retired: 4020846
INFO: 00:00:28	cycles: 7498313	retired: 4165729
INFO: 00:00:29	cycles: 7757534	retired: 4309741
INFO: 00:00:30	cycles: 8025786	retired: 4458770
INFO: 00:00:31	cycles: 8294299	retired: 4607944
INFO: 00:00:32	cycles: 8431606	retired: 4684226
INFO: 00:00:33	cycles: 8486149	retired: 4714527
INFO: 00:00:34	cycles: 8548999	retired: 4749443
INFO: 00:00:35	cycles: 8615039	retired: 4786133
INFO: 00:00:36	cycles: 8678456	retired: 4821364
INFO: 00:00:37	cycles: 8745734	retired: 4858741
INFO: 00:00:38	cycles: 8810411	retired: 4894673
INFO: 00:00:39	cycles: 8874985	retired: 4930547
INFO: 00:00:40	cycles: 8938020	retired: 4965567
INFO: 00:00:41	cycles: 9002456	retired: 5001365
INFO: 00:00:42	cycles: 9064699	retired: 5035943
INFO: 00:00:43	cycles: 9127869	retired: 5071038
INFO: 00:00:44	cycles: 9195819	retired: 5108788
INFO: 00:00:45	cycles: 9258538	retired: 5143632
INFO: 00:00:46	cycles: 9325061	retired: 5180590
INFO: 00:00:47	cycles: 9388128	retired: 5215626

Program exited with code: 0
================================== Post-run ==================================
