=============================== Ripes CLI mode ===============================
=========================== Processing input file ===========================
INFO: Loading elf file '<PROJECT>/measurements/remaining_verification_20261007/stage1/measurements/stage1_support/results/loop-4194304.elf'
=============================== Running model ===============================
INFO: 00:00:00	cycles: 247438	retired: 137466
INFO: 00:00:01	cycles: 517105	retired: 287281
INFO: 00:00:02	cycles: 785616	retired: 436453
INFO: 00:00:03	cycles: 931325	retired: 517403
INFO: 00:00:04	cycles: 1186625	retired: 659236
INFO: 00:00:05	cycles: 1428809	retired: 793783
INFO: 00:00:06	cycles: 1595980	retired: 886656
INFO: 00:00:07	cycles: 1865033	retired: 1036129
INFO: 00:00:08	cycles: 2135921	retired: 1186623
INFO: 00:00:09	cycles: 2407787	retired: 1337659
INFO: 00:00:10	cycles: 2679273	retired: 1488485
INFO: 00:00:11	cycles: 2950350	retired: 1639083
INFO: 00:00:12	cycles: 3217167	retired: 1787316
INFO: 00:00:13	cycles: 3488732	retired: 1938184
INFO: 00:00:14	cycles: 3756937	retired: 2087188
INFO: 00:00:15	cycles: 4026188	retired: 2236771
INFO: 00:00:16	cycles: 4293505	retired: 2385281
INFO: 00:00:17	cycles: 4563874	retired: 2535486
INFO: 00:00:18	cycles: 4833043	retired: 2685023
INFO: 00:00:19	cycles: 5103470	retired: 2835261
INFO: 00:00:20	cycles: 5374356	retired: 2985753
INFO: 00:00:21	cycles: 5644961	retired: 3136089
INFO: 00:00:22	cycles: 5915360	retired: 3286311
INFO: 00:00:23	cycles: 6170640	retired: 3428133
INFO: 00:00:24	cycles: 6434594	retired: 3574774
INFO: 00:00:25	cycles: 6698686	retired: 3721492
INFO: 00:00:26	cycles: 6961886	retired: 3867714
INFO: 00:00:27	cycles: 7225674	retired: 4014263
INFO: 00:00:28	cycles: 7484788	retired: 4158216
INFO: 00:00:29	cycles: 7749137	retired: 4305076
INFO: 00:00:30	cycles: 8018907	retired: 4454948
INFO: 00:00:31	cycles: 8207565	retired: 4559758
INFO: 00:00:32	cycles: 8271980	retired: 4595544
INFO: 00:00:33	cycles: 8343472	retired: 4635262
INFO: 00:00:34	cycles: 8411853	retired: 4673251
INFO: 00:00:35	cycles: 8480227	retired: 4711237
INFO: 00:00:36	cycles: 8548635	retired: 4749241
INFO: 00:00:37	cycles: 8618862	retired: 4788256
INFO: 00:00:38	cycles: 8689298	retired: 4827388
INFO: 00:00:39	cycles: 8758445	retired: 4865803
INFO: 00:00:40	cycles: 8828004	retired: 4904446
INFO: 00:00:41	cycles: 8896178	retired: 4942321
INFO: 00:00:42	cycles: 8964992	retired: 4980551
INFO: 00:00:43	cycles: 9036784	retired: 5020436
INFO: 00:00:44	cycles: 9105711	retired: 5058728
INFO: 00:00:45	cycles: 9176973	retired: 5098318
INFO: 00:00:46	cycles: 9245067	retired: 5136148
INFO: 00:00:47	cycles: 9317112	retired: 5176173
INFO: 00:00:48	cycles: 9383190	retired: 5212883

Program exited with code: 0
================================== Post-run ==================================
