=============================== Ripes CLI mode ===============================
=========================== Processing input file ===========================
INFO: Loading elf file '<PROJECT>/measurements/remaining_verification_20261007/stage1/measurements/stage1_support/results/loop-4096.elf'
=============================== Running model ===============================
INFO: 00:00:01	cycles: 261778	retired: 145476
INFO: 00:00:02	cycles: 519771	retired: 288849
INFO: 00:00:03	cycles: 780857	retired: 433940
INFO: 00:00:04	cycles: 1043307	retired: 579791
INFO: 00:00:05	cycles: 1306215	retired: 725894
INFO: 00:00:06	cycles: 1568929	retired: 871892
INFO: 00:00:07	cycles: 1831524	retired: 1017821
INFO: 00:00:08	cycles: 2096051	retired: 1164825
INFO: 00:00:09	cycles: 2357548	retired: 1310146
INFO: 00:00:10	cycles: 2617774	retired: 1454761
INFO: 00:00:11	cycles: 2879475	retired: 1600193
INFO: 00:00:12	cycles: 3141619	retired: 1745873
INFO: 00:00:13	cycles: 3403401	retired: 1891352
INFO: 00:00:14	cycles: 3663937	retired: 2036138
INFO: 00:00:15	cycles: 3893214	retired: 2163553
INFO: 00:00:16	cycles: 4100593	retired: 2278797
INFO: 00:00:17	cycles: 4359776	retired: 2422834
INFO: 00:00:18	cycles: 4599412	retired: 2556005
INFO: 00:00:19	cycles: 4798831	retired: 2666826
INFO: 00:00:20	cycles: 5056568	retired: 2810057
INFO: 00:00:21	cycles: 5314272	retired: 2953269
INFO: 00:00:22	cycles: 5571895	retired: 3096437
INFO: 00:00:23	cycles: 5830554	retired: 3240180
INFO: 00:00:24	cycles: 6090215	retired: 3384479
INFO: 00:00:25	cycles: 6349741	retired: 3528706
INFO: 00:00:26	cycles: 6609875	retired: 3673268
INFO: 00:00:27	cycles: 6868916	retired: 3817223
INFO: 00:00:28	cycles: 7128433	retired: 3961443
INFO: 00:00:29	cycles: 7380831	retired: 4101706
INFO: 00:00:30	cycles: 7638983	retired: 4245167
INFO: 00:00:31	cycles: 7901554	retired: 4391085
INFO: 00:00:32	cycles: 8075176	retired: 4487572
INFO: 00:00:33	cycles: 8139806	retired: 4523488
INFO: 00:00:34	cycles: 8215959	retired: 4565807
INFO: 00:00:35	cycles: 8285229	retired: 4604303
INFO: 00:00:36	cycles: 8360977	retired: 4646398
INFO: 00:00:37	cycles: 8438577	retired: 4689521
INFO: 00:00:38	cycles: 8512486	retired: 4730595
INFO: 00:00:39	cycles: 8585461	retired: 4771149
INFO: 00:00:40	cycles: 8654703	retired: 4809629
INFO: 00:00:41	cycles: 8718015	retired: 4844813
INFO: 00:00:42	cycles: 8787039	retired: 4883171
INFO: 00:00:43	cycles: 8853982	retired: 4920372
INFO: 00:00:44	cycles: 8920309	retired: 4957233
INFO: 00:00:45	cycles: 8986662	retired: 4994106
INFO: 00:00:46	cycles: 9052956	retired: 5030948
INFO: 00:00:47	cycles: 9119272	retired: 5067800
INFO: 00:00:48	cycles: 9182135	retired: 5102735
INFO: 00:00:49	cycles: 9242195	retired: 5136112
INFO: 00:00:50	cycles: 9311404	retired: 5174573
INFO: 00:00:51	cycles: 9377844	retired: 5211495

Program exited with code: 0
================================== Post-run ==================================
