=============================== Ripes CLI mode ===============================
=========================== Processing input file ===========================
INFO: Loading elf file 'measurements/solver7_led_pipeline/ram_test.elf'
=============================== Running model ===============================
INFO: 00:00:01	cycles: 253794	retired: 212337
INFO: 00:00:02	cycles: 527599	retired: 446629
INFO: 00:00:03	cycles: 799121	retired: 679298
INFO: 00:00:04	cycles: 1061521	retired: 904138
INFO: 00:00:05	cycles: 1324116	retired: 1129114
INFO: 00:00:06	cycles: 1581017	retired: 1348651
INFO: 00:00:07	cycles: 1841334	retired: 1571620
INFO: 00:00:08	cycles: 2099381	retired: 1792537
INFO: 00:00:09	cycles: 2315540	retired: 1977683
INFO: 00:00:10	cycles: 2545664	retired: 2174760
INFO: 00:00:11	cycles: 2777370	retired: 2373435
INFO: 00:00:12	cycles: 3037507	retired: 2596524
INFO: 00:00:13	cycles: 3297253	retired: 2818536
INFO: 00:00:14	cycles: 3551424	retired: 3036123
INFO: 00:00:15	cycles: 3807486	retired: 3255208
INFO: 00:00:16	cycles: 4068927	retired: 3479063
INFO: 00:00:17	cycles: 4326992	retired: 3700170
INFO: 00:00:18	cycles: 4587488	retired: 3923492
INFO: 00:00:19	cycles: 4813884	retired: 4117610
INFO: 00:00:20	cycles: 5075435	retired: 4341794
INFO: 00:00:21	cycles: 5337140	retired: 4565956
INFO: 00:00:22	cycles: 5598138	retired: 4789464
INFO: 00:00:23	cycles: 5860182	retired: 5013444
INFO: 00:00:24	cycles: 6109395	retired: 5226800
INFO: 00:00:25	cycles: 6363477	retired: 5444576
INFO: 00:00:26	cycles: 6623729	retired: 5667783
INFO: 00:00:27	cycles: 6882174	retired: 5889238
INFO: 00:00:28	cycles: 7119801	retired: 6092498
INFO: 00:00:29	cycles: 7379878	retired: 6315327
INFO: 00:00:30	cycles: 7640943	retired: 6539062
INFO: 00:00:31	cycles: 7902276	retired: 6762667
INFO: 00:00:32	cycles: 8039806	retired: 6880249
INFO: 00:00:33	cycles: 8126334	retired: 6954317
INFO: 00:00:34	cycles: 8208362	retired: 7024635
INFO: 00:00:35	cycles: 8278394	retired: 7084609
INFO: 00:00:36	cycles: 8348968	retired: 7145041
INFO: 00:00:37	cycles: 8417745	retired: 7203849
INFO: 00:00:38	cycles: 8489322	retired: 7265129
INFO: 00:00:39	cycles: 8565097	retired: 7329972
INFO: 00:00:40	cycles: 8645276	retired: 7398614
INFO: 00:00:41	cycles: 8731114	retired: 7472009
INFO: 00:00:42	cycles: 8815887	retired: 7544508
INFO: 00:00:43	cycles: 8901030	retired: 7617289
INFO: 00:00:44	cycles: 8988710	retired: 7692461
INFO: 00:00:45	cycles: 9067866	retired: 7760413
INFO: 00:00:46	cycles: 9149664	retired: 7830376
INFO: 00:00:47	cycles: 9232030	retired: 7900819
INFO: 00:00:48	cycles: 9309465	retired: 7967223
INFO: 00:00:49	cycles: 9381512	retired: 8028938
INFO: 00:00:50	cycles: 9461014	retired: 8097018
INFO: 00:00:51	cycles: 9532588	retired: 8158408
INFO: 00:00:52	cycles: 9605027	retired: 8220321
INFO: 00:00:53	cycles: 9688305	retired: 8291737
INFO: 00:00:54	cycles: 9769186	retired: 8361136
INFO: 00:00:55	cycles: 9853912	retired: 8433748
INFO: 00:00:56	cycles: 9939961	retired: 8507530
INFO: 00:00:57	cycles: 10027073	retired: 8582216
INFO: 00:00:58	cycles: 10105142	retired: 8649062
INFO: 00:00:59	cycles: 10182850	retired: 8715633
INFO: 00:01:00	cycles: 10264073	retired: 8785090
INFO: 00:01:01	cycles: 10351384	retired: 8859951
INFO: 00:01:02	cycles: 10437526	retired: 8933717
INFO: 00:01:03	cycles: 10521394	retired: 9005680
INFO: 00:01:04	cycles: 10605098	retired: 9077279
INFO: 00:01:05	cycles: 10687769	retired: 9148173
INFO: 00:01:06	cycles: 10761008	retired: 9210858
INFO: 00:01:07	cycles: 10837630	retired: 9276650
INFO: 00:01:08	cycles: 10924730	retired: 9351276
INFO: 00:01:09	cycles: 11006265	retired: 9421023
INFO: 00:01:10	cycles: 11083217	retired: 9486951
INFO: 00:01:11	cycles: 11161525	retired: 9553989
INFO: 00:01:12	cycles: 11239762	retired: 9621160
INFO: 00:01:13	cycles: 11322449	retired: 9691901
INFO: 00:01:14	cycles: 11407987	retired: 9765089
INFO: 00:01:15	cycles: 11491318	retired: 9836377
INFO: 00:01:16	cycles: 11578712	retired: 9911261
INFO: 00:01:17	cycles: 11668482	retired: 9988303
INFO: 00:01:18	cycles: 11753594	retired: 10061311
INFO: 00:01:19	cycles: 11836330	retired: 10132152
INFO: 00:01:20	cycles: 11917993	retired: 10202165
INFO: 00:01:21	cycles: 11986512	retired: 10260751
INFO: 00:01:22	cycles: 12066208	retired: 10329206
INFO: 00:01:23	cycles: 12141079	retired: 10393333
INFO: 00:01:24	cycles: 12222035	retired: 10462582
INFO: 00:01:25	cycles: 12298490	retired: 10528114
INFO: 00:01:26	cycles: 12366623	retired: 10586439
INFO: 00:01:27	cycles: 12431714	retired: 10642214
INFO: 00:01:28	cycles: 12504061	retired: 10704270
INFO: 00:01:29	cycles: 12575432	retired: 10765379
INFO: 00:01:30	cycles: 12644815	retired: 10824758
INFO: 00:01:31	cycles: 12708103	retired: 10878926
INFO: 00:01:32	cycles: 12781142	retired: 10941402
INFO: 00:01:33	cycles: 12860045	retired: 11009026
INFO: 00:01:34	cycles: 12935571	retired: 11073720
INFO: 00:01:35	cycles: 13011985	retired: 11139203
INFO: 00:01:36	cycles: 13085768	retired: 11202502
INFO: 00:01:37	cycles: 13170327	retired: 11275145
INFO: 00:01:38	cycles: 13253283	retired: 11346188
INFO: 00:01:39	cycles: 13323237	retired: 11406187
INFO: 00:01:40	cycles: 13400461	retired: 11472466
INFO: 00:01:41	cycles: 13478993	retired: 11539770
INFO: 00:01:42	cycles: 13554873	retired: 11604688
INFO: 00:01:43	cycles: 13624456	retired: 11664342
INFO: 00:01:44	cycles: 13696345	retired: 11725957
INFO: 00:01:45	cycles: 13766769	retired: 11786289
INFO: 00:01:46	cycles: 13842820	retired: 11851498
INFO: 00:01:47	cycles: 13910841	retired: 11909762
INFO: 00:01:48	cycles: 13989998	retired: 11977471
INFO: 00:01:49	cycles: 14065219	retired: 12041957
INFO: 00:01:50	cycles: 14146158	retired: 12111320
INFO: 00:01:51	cycles: 14221300	retired: 12175683
INFO: 00:01:52	cycles: 14291432	retired: 12235652
INFO: 00:01:53	cycles: 14367172	retired: 12300603
INFO: 00:01:54	cycles: 14444526	retired: 12366908
INFO: 00:01:55	cycles: 14526557	retired: 12437224
INFO: 00:01:56	cycles: 14598806	retired: 12499196
INFO: 00:01:57	cycles: 14675367	retired: 12564864
INFO: 00:01:58	cycles: 14751084	retired: 12629795
INFO: 00:01:59	cycles: 14833413	retired: 12700488
INFO: 00:02:00	cycles: 14914170	retired: 12769717
INFO: 00:02:01	cycles: 14991505	retired: 12835849
INFO: 00:02:02	cycles: 15075105	retired: 12907367
INFO: 00:02:03	cycles: 15157598	retired: 12978157
INFO: 00:02:04	cycles: 15235112	retired: 13044477
INFO: 00:02:05	cycles: 15316569	retired: 13114233
INFO: 00:02:06	cycles: 15398316	retired: 13184021
INFO: 00:02:07	cycles: 15473207	retired: 13247989
INFO: 00:02:08	cycles: 15553146	retired: 13316331
INFO: 00:02:09	cycles: 15620428	retired: 13373789
INFO: 00:02:10	cycles: 15678929	retired: 13423807
INFO: 00:02:11	cycles: 15747548	retired: 13482580
INFO: 00:02:12	cycles: 15824173	retired: 13548223
INFO: 00:02:13	cycles: 15901510	retired: 13614633
INFO: 00:02:14	cycles: 15977827	retired: 13680116
INFO: 00:02:15	cycles: 16055618	retired: 13746799
INFO: 00:02:16	cycles: 16136409	retired: 13816079
INFO: 00:02:17	cycles: 16215664	retired: 13883824
INFO: 00:02:18	cycles: 16289750	retired: 13947530
INFO: 00:02:19	cycles: 16367906	retired: 14014523
INFO: 00:02:20	cycles: 16440884	retired: 14077030
INFO: 00:02:21	cycles: 16521472	retired: 14146109
INFO: 00:02:22	cycles: 16593065	retired: 14207445
INFO: 00:02:23	cycles: 16673078	retired: 14276043
INFO: 00:02:24	cycles: 16744066	retired: 14336760
INFO: 00:02:25	cycles: 16814399	retired: 14396904
INFO: 00:02:26	cycles: 16883259	retired: 14455653
INFO: 00:02:27	cycles: 16956177	retired: 14518173
INFO: 00:02:28	cycles: 17023754	retired: 14576050
INFO: 00:02:29	cycles: 17090918	retired: 14633627
INFO: 00:02:30	cycles: 17159859	retired: 14692792
INFO: 00:02:31	cycles: 17225411	retired: 14748852
INFO: 00:02:32	cycles: 17294532	retired: 14807965
INFO: 00:02:33	cycles: 17367106	retired: 14870165
INFO: 00:02:34	cycles: 17439240	retired: 14932066
INFO: 00:02:35	cycles: 17503356	retired: 14987007
INFO: 00:02:36	cycles: 17560656	retired: 15036029
INFO: 00:02:37	cycles: 17626731	retired: 15092452
INFO: 00:02:38	cycles: 17696592	retired: 15152242
INFO: 00:02:39	cycles: 17769189	retired: 15214336
INFO: 00:02:40	cycles: 17840587	retired: 15275594
INFO: 00:02:41	cycles: 17910360	retired: 15335547
INFO: 00:02:42	cycles: 17980671	retired: 15395854
INFO: 00:02:43	cycles: 18048058	retired: 15453442
INFO: 00:02:44	cycles: 18118870	retired: 15513973
INFO: 00:02:45	cycles: 18186697	retired: 15571944
INFO: 00:02:46	cycles: 18253472	retired: 15629110
INFO: 00:02:47	cycles: 18320294	retired: 15686313
INFO: 00:02:48	cycles: 18388586	retired: 15744755
INFO: 00:02:49	cycles: 18457151	retired: 15803509
INFO: 00:02:50	cycles: 18521868	retired: 15858890
INFO: 00:02:51	cycles: 18587981	retired: 15915426
INFO: 00:02:52	cycles: 18653990	retired: 15971874
INFO: 00:02:53	cycles: 18720254	retired: 16028539
INFO: 00:02:54	cycles: 18792341	retired: 16090331
INFO: 00:02:55	cycles: 18861179	retired: 16149373
INFO: 00:02:56	cycles: 18934045	retired: 16211750
INFO: 00:02:57	cycles: 19003371	retired: 16271071
INFO: 00:02:58	cycles: 19072379	retired: 16329948
INFO: 00:02:59	cycles: 19142545	retired: 16389930
INFO: 00:03:00	cycles: 19212062	retired: 16449587
INFO: 00:03:01	cycles: 19281289	retired: 16509080
INFO: 00:03:02	cycles: 19348839	retired: 16566756
INFO: 00:03:03	cycles: 19418668	retired: 16626574
INFO: 00:03:04	cycles: 19484304	retired: 16682700
INFO: 00:03:05	cycles: 19550963	retired: 16739645
INFO: 00:03:06	cycles: 19620282	retired: 16798943
INFO: 00:03:07	cycles: 19686316	retired: 16855619
INFO: 00:03:08	cycles: 19755404	retired: 16914893
INFO: 00:03:09	cycles: 19825963	retired: 16975472
INFO: 00:03:10	cycles: 19894719	retired: 17034336
INFO: 00:03:11	cycles: 19961102	retired: 17091133
INFO: 00:03:12	cycles: 20032231	retired: 17152090
INFO: 00:03:13	cycles: 20098844	retired: 17209110
INFO: 00:03:14	cycles: 20170137	retired: 17270205
INFO: 00:03:15	cycles: 20239129	retired: 17329315
INFO: 00:03:16	cycles: 20307671	retired: 17388065
INFO: 00:03:17	cycles: 20375357	retired: 17446023
INFO: 00:03:18	cycles: 20445530	retired: 17506079
INFO: 00:03:19	cycles: 20510088	retired: 17561318
INFO: 00:03:20	cycles: 20573839	retired: 17615950
INFO: 00:03:21	cycles: 20644810	retired: 17676743
INFO: 00:03:22	cycles: 20713388	retired: 17735481
INFO: 00:03:23	cycles: 20782079	retired: 17794329
INFO: 00:03:24	cycles: 20854508	retired: 17856412
INFO: 00:03:25	cycles: 20916240	retired: 17909291
INFO: 00:03:26	cycles: 20994095	retired: 17976034
INFO: 00:03:27	cycles: 21064793	retired: 18036655
INFO: 00:03:28	cycles: 21133100	retired: 18095216
INFO: 00:03:29	cycles: 21202707	retired: 18154711
INFO: 00:03:30	cycles: 21274410	retired: 18216034
INFO: 00:03:31	cycles: 21342389	retired: 18274254
INFO: 00:03:32	cycles: 21411025	retired: 18333156
INFO: 00:03:33	cycles: 21475432	retired: 18388183
INFO: 00:03:34	cycles: 21547643	retired: 18449928
INFO: 00:03:35	cycles: 21616318	retired: 18508655
INFO: 00:03:36	cycles: 21686548	retired: 18568887
INFO: 00:03:37	cycles: 21754528	retired: 18627071
INFO: 00:03:38	cycles: 21821643	retired: 18684705
INFO: 00:03:39	cycles: 21894387	retired: 18746971
INFO: 00:03:40	cycles: 21962982	retired: 18805846
INFO: 00:03:41	cycles: 22028969	retired: 18862234
INFO: 00:03:42	cycles: 22095934	retired: 18919591
INFO: 00:03:43	cycles: 22164498	retired: 18978378
INFO: 00:03:44	cycles: 22235810	retired: 19039559
INFO: 00:03:45	cycles: 22309060	retired: 19102238
INFO: 00:03:46	cycles: 22378967	retired: 19162196
INFO: 00:03:47	cycles: 22447041	retired: 19220400
INFO: 00:03:48	cycles: 22512681	retired: 19276517
INFO: 00:03:49	cycles: 22579079	retired: 19333397
INFO: 00:03:50	cycles: 22649640	retired: 19393846
INFO: 00:03:51	cycles: 22721277	retired: 19455144
INFO: 00:03:52	cycles: 22787668	retired: 19511952
INFO: 00:03:53	cycles: 22853978	retired: 19568834
INFO: 00:03:54	cycles: 22926319	retired: 19631000
INFO: 00:03:55	cycles: 22997159	retired: 19691681
INFO: 00:03:56	cycles: 23068859	retired: 19753073
INFO: 00:03:57	cycles: 23141162	retired: 19815042
INFO: 00:03:58	cycles: 23207492	retired: 19871954
INFO: 00:03:59	cycles: 23279570	retired: 19933820
INFO: 00:04:00	cycles: 23350375	retired: 19994574
INFO: 00:04:01	cycles: 23422458	retired: 20056478
INFO: 00:04:02	cycles: 23490575	retired: 20114803
INFO: 00:04:03	cycles: 23561986	retired: 20176083
INFO: 00:04:04	cycles: 23634965	retired: 20238800
INFO: 00:04:05	cycles: 23679098	retired: 20276668
INFO: 00:04:06	cycles: 23747520	retired: 20335414
INFO: 00:04:07	cycles: 23815167	retired: 20393393
INFO: 00:04:08	cycles: 23882030	retired: 20450530
INFO: 00:04:09	cycles: 23953598	retired: 20511910
INFO: 00:04:10	cycles: 24024077	retired: 20572418
INFO: 00:04:11	cycles: 24093080	retired: 20631519
INFO: 00:04:12	cycles: 24157397	retired: 20686604
INFO: 00:04:13	cycles: 24223995	retired: 20743747
INFO: 00:04:14	cycles: 24294809	retired: 20804479
INFO: 00:04:15	cycles: 24365420	retired: 20864991
INFO: 00:04:16	cycles: 24433599	retired: 20923473
INFO: 00:04:17	cycles: 24507511	retired: 20986904
INFO: 00:04:18	cycles: 24588237	retired: 21056087
INFO: 00:04:19	cycles: 24665972	retired: 21122806
INFO: 00:04:20	cycles: 24744357	retired: 21190084
INFO: 00:04:21	cycles: 24824442	retired: 21258714
INFO: 00:04:22	cycles: 24895025	retired: 21319136
INFO: 00:04:23	cycles: 24964715	retired: 21378834
INFO: 00:04:24	cycles: 25039998	retired: 21443307
INFO: 00:04:25	cycles: 25110731	retired: 21503913
INFO: 00:04:26	cycles: 25179776	retired: 21563031
INFO: 00:04:27	cycles: 25251254	retired: 21624226
INFO: 00:04:28	cycles: 25322302	retired: 21685060
INFO: 00:04:29	cycles: 25386632	retired: 21740167
INFO: 00:04:30	cycles: 25454479	retired: 21798184
INFO: 00:04:31	cycles: 25520813	retired: 21854999
INFO: 00:04:32	cycles: 25584566	retired: 21909713
INFO: 00:04:33	cycles: 25653569	retired: 21968950
INFO: 00:04:34	cycles: 25724859	retired: 22030029
INFO: 00:04:35	cycles: 25790556	retired: 22086345
INFO: 00:04:36	cycles: 25859660	retired: 22145670
INFO: 00:04:37	cycles: 25928453	retired: 22204662
INFO: 00:04:38	cycles: 25998187	retired: 22264592
INFO: 00:04:39	cycles: 26071901	retired: 22327875
INFO: 00:04:40	cycles: 26141611	retired: 22387686
INFO: 00:04:41	cycles: 26208835	retired: 22445410
INFO: 00:04:42	cycles: 26279177	retired: 22505766
INFO: 00:04:43	cycles: 26348219	retired: 22564855
INFO: 00:04:44	cycles: 26418768	retired: 22625415
INFO: 00:04:45	cycles: 26489771	retired: 22686285
INFO: 00:04:46	cycles: 26560660	retired: 22747080
INFO: 00:04:47	cycles: 26628622	retired: 22805261
INFO: 00:04:48	cycles: 26698129	retired: 22864892
INFO: 00:04:49	cycles: 26768783	retired: 22925436
INFO: 00:04:50	cycles: 26839158	retired: 22985692
INFO: 00:04:51	cycles: 26908827	retired: 23045385
INFO: 00:04:52	cycles: 26974975	retired: 23102025
INFO: 00:04:53	cycles: 27041113	retired: 23158786
INFO: 00:04:54	cycles: 27116844	retired: 23223670
INFO: 00:04:55	cycles: 27184047	retired: 23281307
INFO: 00:04:56	cycles: 27253148	retired: 23340512
INFO: 00:04:57	cycles: 27324990	retired: 23402201
INFO: 00:04:58	cycles: 27401804	retired: 23468125
INFO: 00:04:59	cycles: 27477674	retired: 23533224
INFO: 00:05:00	cycles: 27550428	retired: 23595596
INFO: 00:05:01	cycles: 27623070	retired: 23657951
INFO: 00:05:02	cycles: 27687190	retired: 23712801
INFO: 00:05:03	cycles: 27757644	retired: 23773213
INFO: 00:05:04	cycles: 27830178	retired: 23835421
INFO: 00:05:05	cycles: 27900581	retired: 23895660
INFO: 00:05:06	cycles: 27946082	retired: 23934615
INFO: 00:05:07	cycles: 27953773	retired: 23941211
INFO: 00:05:08	cycles: 27958248	retired: 23945036
INFO: 00:05:09	cycles: 27965817	retired: 23951515
INFO: 00:05:10	cycles: 27982629	retired: 23965992
INFO: 00:05:11	cycles: 27996500	retired: 23977842
INFO: 00:05:12	cycles: 28035680	retired: 24011413
INFO: 00:05:13	cycles: 28087698	retired: 24055915
INFO: 00:05:14	cycles: 28155483	retired: 24114051
INFO: 00:05:15	cycles: 28223950	retired: 24172640
INFO: 00:05:16	cycles: 28297941	retired: 24235966
INFO: 00:05:17	cycles: 28368495	retired: 24296286
INFO: 00:05:18	cycles: 28440935	retired: 24358269
INFO: 00:05:19	cycles: 28510821	retired: 24418219
INFO: 00:05:20	cycles: 28572279	retired: 24470834
INFO: 00:05:21	cycles: 28639204	retired: 24528142
INFO: 00:05:22	cycles: 28705876	retired: 24585240
INFO: 00:05:23	cycles: 28770524	retired: 24640575
INFO: 00:05:24	cycles: 28844338	retired: 24703952
INFO: 00:05:25	cycles: 28911156	retired: 24761140
INFO: 00:05:26	cycles: 28980022	retired: 24820146
INFO: 00:05:27	cycles: 29043285	retired: 24874281
INFO: 00:05:28	cycles: 29114738	retired: 24935527
INFO: 00:05:29	cycles: 29180715	retired: 24992074
INFO: 00:05:30	cycles: 29249115	retired: 25050626
INFO: 00:05:31	cycles: 29317331	retired: 25109080
INFO: 00:05:32	cycles: 29386398	retired: 25168357
INFO: 00:05:33	cycles: 29455040	retired: 25227220
INFO: 00:05:34	cycles: 29531408	retired: 25292477
INFO: 00:05:35	cycles: 29601866	retired: 25352969
INFO: 00:05:36	cycles: 29672328	retired: 25413532
INFO: 00:05:37	cycles: 29742242	retired: 25473386
INFO: 00:05:38	cycles: 29814032	retired: 25534780
INFO: 00:05:39	cycles: 29892021	retired: 25601408
INFO: 00:05:40	cycles: 29961132	retired: 25660530
INFO: 00:05:41	cycles: 30029658	retired: 25719083
INFO: 00:05:42	cycles: 30094679	retired: 25774789
INFO: 00:05:43	cycles: 30167230	retired: 25836702
INFO: 00:05:44	cycles: 30240025	retired: 25899082
INFO: 00:05:45	cycles: 30309372	retired: 25958463
INFO: 00:05:46	cycles: 30380886	retired: 26019721
INFO: 00:05:47	cycles: 30450351	retired: 26079184
INFO: 00:05:48	cycles: 30520257	retired: 26138930
INFO: 00:05:49	cycles: 30590529	retired: 26199136
INFO: 00:05:50	cycles: 30659559	retired: 26258202
INFO: 00:05:51	cycles: 30728519	retired: 26317220
INFO: 00:05:52	cycles: 30793404	retired: 26372791
INFO: 00:05:53	cycles: 30861873	retired: 26431445
INFO: 00:05:54	cycles: 30935716	retired: 26494679
INFO: 00:05:55	cycles: 31004049	retired: 26553237
INFO: 00:05:56	cycles: 31071061	retired: 26610567
INFO: 00:05:57	cycles: 31142878	retired: 26672044
INFO: 00:05:58	cycles: 31214878	retired: 26733775
INFO: 00:05:59	cycles: 31288630	retired: 26796695
INFO: 00:06:00	cycles: 31359834	retired: 26857576
INFO: 00:06:01	cycles: 31432381	retired: 26919686
INFO: 00:06:02	cycles: 31501458	retired: 26978953
INFO: 00:06:03	cycles: 31571602	retired: 27039023
INFO: 00:06:04	cycles: 31646567	retired: 27103146
INFO: 00:06:05	cycles: 31716668	retired: 27162935
INFO: 00:06:06	cycles: 31786005	retired: 27222329
INFO: 00:06:07	cycles: 31850970	retired: 27278136
INFO: 00:06:08	cycles: 31918957	retired: 27336651
INFO: 00:06:09	cycles: 31992070	retired: 27399249
INFO: 00:06:10	cycles: 32059704	retired: 27457195
INFO: 00:06:11	cycles: 32126956	retired: 27514727
INFO: 00:06:12	cycles: 32197070	retired: 27574697
INFO: 00:06:13	cycles: 32259886	retired: 27628476
INFO: 00:06:14	cycles: 32332855	retired: 27690876
INFO: 00:06:15	cycles: 32406908	retired: 27754278
INFO: 00:06:16	cycles: 32476048	retired: 27813568
INFO: 00:06:17	cycles: 32547088	retired: 27874371
INFO: 00:06:18	cycles: 32618018	retired: 27935007
INFO: 00:06:19	cycles: 32687188	retired: 27994189
INFO: 00:06:20	cycles: 32757538	retired: 28054381
INFO: 00:06:21	cycles: 32827249	retired: 28114108
INFO: 00:06:22	cycles: 32892695	retired: 28170202
INFO: 00:06:23	cycles: 32954818	retired: 28223416
INFO: 00:06:24	cycles: 33024245	retired: 28282753
INFO: 00:06:25	cycles: 33097650	retired: 28345556
INFO: 00:06:26	cycles: 33165987	retired: 28403902
INFO: 00:06:27	cycles: 33237351	retired: 28464966
INFO: 00:06:28	cycles: 33306723	retired: 28524425
INFO: 00:06:29	cycles: 33370368	retired: 28579016
INFO: 00:06:30	cycles: 33436524	retired: 28635835
INFO: 00:06:31	cycles: 33504705	retired: 28694077
INFO: 00:06:32	cycles: 33574614	retired: 28753763
INFO: 00:06:33	cycles: 33645364	retired: 28814480
INFO: 00:06:34	cycles: 33718408	retired: 28877084
INFO: 00:06:35	cycles: 33788934	retired: 28937478
INFO: 00:06:36	cycles: 33858352	retired: 28996874
INFO: 00:06:37	cycles: 33927567	retired: 29056288
INFO: 00:06:38	cycles: 33999842	retired: 29118406
INFO: 00:06:39	cycles: 34075865	retired: 29183423
INFO: 00:06:40	cycles: 34131932	retired: 29231484
INFO: 00:06:41	cycles: 34167694	retired: 29262203
INFO: 00:06:42	cycles: 34202910	retired: 29292407
INFO: 00:06:43	cycles: 34261489	retired: 29342631
INFO: 00:06:44	cycles: 34324900	retired: 29397001
INFO: 00:06:45	cycles: 34351029	retired: 29419478
INFO: 00:06:46	cycles: 34398241	retired: 29459989
INFO: 00:06:47	cycles: 34441749	retired: 29497383
INFO: 00:06:48	cycles: 34510069	retired: 29555869
INFO: 00:06:49	cycles: 34577476	retired: 29613532
INFO: 00:06:50	cycles: 34642263	retired: 29669179
INFO: 00:06:51	cycles: 34715598	retired: 29732064
INFO: 00:06:52	cycles: 34787345	retired: 29793564
INFO: 00:06:53	cycles: 34857991	retired: 29854130
INFO: 00:06:54	cycles: 34930818	retired: 29916605
INFO: 00:06:55	cycles: 35002288	retired: 29977794
INFO: 00:06:56	cycles: 35076588	retired: 30041510
INFO: 00:06:57	cycles: 35146262	retired: 30101175
INFO: 00:06:58	cycles: 35217825	retired: 30162434
INFO: 00:06:59	cycles: 35288045	retired: 30222565
INFO: 00:07:00	cycles: 35357931	retired: 30282489
INFO: 00:07:01	cycles: 35428477	retired: 30342820
INFO: 00:07:02	cycles: 35498884	retired: 30403197
INFO: 00:07:03	cycles: 35570584	retired: 30464763
INFO: 00:07:04	cycles: 35642293	retired: 30526171
INFO: 00:07:05	cycles: 35711270	retired: 30585240
INFO: 00:07:06	cycles: 35786029	retired: 30649366
INFO: 00:07:07	cycles: 35854935	retired: 30708480
INFO: 00:07:08	cycles: 35924194	retired: 30767900
INFO: 00:07:09	cycles: 35999676	retired: 30832724
INFO: 00:07:10	cycles: 36072347	retired: 30895080
INFO: 00:07:11	cycles: 36143706	retired: 30956361
INFO: 00:07:12	cycles: 36212610	retired: 31015514
INFO: 00:07:13	cycles: 36285212	retired: 31077796
INFO: 00:07:14	cycles: 36357016	retired: 31139286
INFO: 00:07:15	cycles: 36425814	retired: 31198245
INFO: 00:07:16	cycles: 36495073	retired: 31257636
INFO: 00:07:17	cycles: 36564776	retired: 31317283
INFO: 00:07:18	cycles: 36635615	retired: 31378128
INFO: 00:07:19	cycles: 36706193	retired: 31438440
INFO: 00:07:20	cycles: 36776486	retired: 31498644
INFO: 00:07:21	cycles: 36847386	retired: 31559398
INFO: 00:07:22	cycles: 36914560	retired: 31616942
INFO: 00:07:23	cycles: 36985221	retired: 31677620
INFO: 00:07:24	cycles: 37058725	retired: 31740668
INFO: 00:07:25	cycles: 37129001	retired: 31800862
INFO: 00:07:26	cycles: 37197575	retired: 31859671
INFO: 00:07:27	cycles: 37269488	retired: 31921415
INFO: 00:07:28	cycles: 37337916	retired: 31980121
INFO: 00:07:29	cycles: 37408938	retired: 32041102
INFO: 00:07:30	cycles: 37477695	retired: 32100053
INFO: 00:07:31	cycles: 37545331	retired: 32158062
INFO: 00:07:32	cycles: 37615273	retired: 32217924
INFO: 00:07:33	cycles: 37679348	retired: 32272753
INFO: 00:07:34	cycles: 37748533	retired: 32332139
INFO: 00:07:35	cycles: 37818683	retired: 32392147
INFO: 00:07:36	cycles: 37888103	retired: 32451704
INFO: 00:07:37	cycles: 37957738	retired: 32511323
INFO: 00:07:38	cycles: 38027063	retired: 32570669
INFO: 00:07:39	cycles: 38102102	retired: 32634956
INFO: 00:07:40	cycles: 38173746	retired: 32696345
INFO: 00:07:41	cycles: 38243924	retired: 32756445
INFO: 00:07:42	cycles: 38314055	retired: 32816401
INFO: 00:07:43	cycles: 38382850	retired: 32875216
INFO: 00:07:44	cycles: 38454991	retired: 32937055
INFO: 00:07:45	cycles: 38527336	retired: 32999034
INFO: 00:07:46	cycles: 38597942	retired: 33059634
INFO: 00:07:47	cycles: 38670614	retired: 33121759
INFO: 00:07:48	cycles: 38740339	retired: 33181409
INFO: 00:07:49	cycles: 38795055	retired: 33228229
INFO: 00:07:50	cycles: 38863998	retired: 33287294
INFO: 00:07:51	cycles: 38935365	retired: 33348376
INFO: 00:07:52	cycles: 38997842	retired: 33401874
INFO: 00:07:53	cycles: 39075888	retired: 33468772
INFO: 00:07:54	cycles: 39142520	retired: 33525828
INFO: 00:07:55	cycles: 39201176	retired: 33575909
INFO: 00:07:56	cycles: 39242266	retired: 33611077
INFO: 00:07:57	cycles: 39307083	retired: 33666425
INFO: 00:07:58	cycles: 39372198	retired: 33722188
INFO: 00:07:59	cycles: 39443497	retired: 33783405
INFO: 00:08:00	cycles: 39512826	retired: 33842601
INFO: 00:08:01	cycles: 39577427	retired: 33897803
INFO: 00:08:02	cycles: 39643458	retired: 33954259
INFO: 00:08:03	cycles: 39711253	retired: 34012165
INFO: 00:08:04	cycles: 39781196	retired: 34071914
INFO: 00:08:05	cycles: 39850145	retired: 34131021
INFO: 00:08:06	cycles: 39920119	retired: 34191029
INFO: 00:08:07	cycles: 39989046	retired: 34250194
INFO: 00:08:08	cycles: 40060250	retired: 34311277
INFO: 00:08:09	cycles: 40134193	retired: 34374567
INFO: 00:08:10	cycles: 40204832	retired: 34434979
INFO: 00:08:11	cycles: 40274376	retired: 34494552
INFO: 00:08:12	cycles: 40341462	retired: 34551996
INFO: 00:08:13	cycles: 40411685	retired: 34612176
INFO: 00:08:14	cycles: 40485499	retired: 34675356
INFO: 00:08:15	cycles: 40558156	retired: 34737569
INFO: 00:08:16	cycles: 40629571	retired: 34798693
INFO: 00:08:17	cycles: 40692877	retired: 34852801
INFO: 00:08:18	cycles: 40765666	retired: 34915255
INFO: 00:08:19	cycles: 40834804	retired: 34974542
INFO: 00:08:20	cycles: 40902626	retired: 35032777
INFO: 00:08:21	cycles: 40974122	retired: 35094012
INFO: 00:08:22	cycles: 41039464	retired: 35149885
INFO: 00:08:23	cycles: 41106598	retired: 35207422
INFO: 00:08:24	cycles: 41179564	retired: 35269981
INFO: 00:08:25	cycles: 41250344	retired: 35330512
INFO: 00:08:26	cycles: 41318866	retired: 35389141
INFO: 00:08:27	cycles: 41389679	retired: 35449723
INFO: 00:08:28	cycles: 41460872	retired: 35510699
INFO: 00:08:29	cycles: 41534913	retired: 35574162
INFO: 00:08:30	cycles: 41604745	retired: 35634022
INFO: 00:08:31	cycles: 41676907	retired: 35695733
INFO: 00:08:32	cycles: 41745148	retired: 35754021
INFO: 00:08:33	cycles: 41815436	retired: 35814134
INFO: 00:08:34	cycles: 41885260	retired: 35873869
INFO: 00:08:35	cycles: 41956448	retired: 35934751
INFO: 00:08:36	cycles: 42026500	retired: 35994733
INFO: 00:08:37	cycles: 42096370	retired: 36054455
INFO: 00:08:38	cycles: 42167002	retired: 36115010
INFO: 00:08:39	cycles: 42236308	retired: 36174438
INFO: 00:08:40	cycles: 42308520	retired: 36236432
INFO: 00:08:41	cycles: 42375112	retired: 36293603
INFO: 00:08:42	cycles: 42447638	retired: 36355893
INFO: 00:08:43	cycles: 42517680	retired: 36415944
INFO: 00:08:44	cycles: 42588481	retired: 36476676
INFO: 00:08:45	cycles: 42663327	retired: 36540785
INFO: 00:08:46	cycles: 42733994	retired: 36601356
INFO: 00:08:47	cycles: 42804577	retired: 36661758
INFO: 00:08:48	cycles: 42874042	retired: 36721249
INFO: 00:08:49	cycles: 42943149	retired: 36780370
INFO: 00:08:50	cycles: 43011385	retired: 36838736
INFO: 00:08:51	cycles: 43074785	retired: 36893076
INFO: 00:08:52	cycles: 43138154	retired: 36947177
INFO: 00:08:53	cycles: 43202419	retired: 37002185
INFO: 00:08:54	cycles: 43276590	retired: 37065614
INFO: 00:08:55	cycles: 43342595	retired: 37122102
INFO: 00:08:56	cycles: 43409206	retired: 37179297
INFO: 00:08:57	cycles: 43480707	retired: 37240643
INFO: 00:08:58	cycles: 43554633	retired: 37303987
INFO: 00:08:59	cycles: 43633917	retired: 37371715
INFO: 00:09:00	cycles: 43708827	retired: 37435859
INFO: 00:09:01	cycles: 43776434	retired: 37493901
INFO: 00:09:02	cycles: 43849949	retired: 37556919
INFO: 00:09:03	cycles: 43928136	retired: 37623960
INFO: 00:09:04	cycles: 44009990	retired: 37693850
INFO: 00:09:05	cycles: 44079389	retired: 37753194
INFO: 00:09:06	cycles: 44147750	retired: 37811697
INFO: 00:09:07	cycles: 44201010	retired: 37857246
INFO: 00:09:08	cycles: 44260346	retired: 37907918
INFO: 00:09:09	cycles: 44310053	retired: 37950409
INFO: 00:09:10	cycles: 44377072	retired: 38007707
INFO: 00:09:11	cycles: 44454786	retired: 38074193
INFO: 00:09:12	cycles: 44548967	retired: 38154695
INFO: 00:09:13	cycles: 44636338	retired: 38229450
INFO: 00:09:14	cycles: 44678974	retired: 38265903
INFO: 00:09:15	cycles: 44739513	retired: 38317785
INFO: 00:09:16	cycles: 44822445	retired: 38388809
INFO: 00:09:17	cycles: 44903305	retired: 38458037
INFO: 00:09:18	cycles: 44991507	retired: 38533543
INFO: 00:09:19	cycles: 45058887	retired: 38591216
INFO: 00:09:20	cycles: 45151350	retired: 38670313
INFO: 00:09:21	cycles: 45247072	retired: 38752286
INFO: 00:09:22	cycles: 45340364	retired: 38832110
INFO: 00:09:23	cycles: 45388958	retired: 38873738
INFO: 00:09:24	cycles: 45439898	retired: 38917371
INFO: 00:09:25	cycles: 45510032	retired: 38977398
INFO: 00:09:26	cycles: 45602574	retired: 39056737
INFO: 00:09:27	cycles: 45666924	retired: 39111889
INFO: 00:09:28	cycles: 45736318	retired: 39171354
INFO: 00:09:29	cycles: 45816161	retired: 39239758
INFO: 00:09:30	cycles: 45884175	retired: 39297934
INFO: 00:09:31	cycles: 45952535	retired: 39356375
INFO: 00:09:32	cycles: 46020134	retired: 39414156
INFO: 00:09:33	cycles: 46090705	retired: 39474586
INFO: 00:09:34	cycles: 46162321	retired: 39536045
INFO: 00:09:35	cycles: 46228987	retired: 39593155
INFO: 00:09:36	cycles: 46296444	retired: 39650881
INFO: 00:09:37	cycles: 46360173	retired: 39705379
INFO: 00:09:38	cycles: 46425074	retired: 39760829
INFO: 00:09:39	cycles: 46496410	retired: 39821870
INFO: 00:09:40	cycles: 46565708	retired: 39881052
INFO: 00:09:41	cycles: 46631185	retired: 39937019
INFO: 00:09:42	cycles: 46701780	retired: 39997327
INFO: 00:09:43	cycles: 46770835	retired: 40056374
INFO: 00:09:44	cycles: 46843349	retired: 40118397
INFO: 00:09:45	cycles: 46910101	retired: 40175602
INFO: 00:09:46	cycles: 46976465	retired: 40232480
INFO: 00:09:47	cycles: 47040336	retired: 40287240
INFO: 00:09:48	cycles: 47106996	retired: 40344429
INFO: 00:09:49	cycles: 47177431	retired: 40404863
INFO: 00:09:50	cycles: 47245259	retired: 40463094
INFO: 00:09:51	cycles: 47317131	retired: 40524703
INFO: 00:09:52	cycles: 47383570	retired: 40581665
INFO: 00:09:53	cycles: 47451868	retired: 40640111
INFO: 00:09:54	cycles: 47526171	retired: 40703697
INFO: 00:09:55	cycles: 47590012	retired: 40758319
INFO: 00:09:56	cycles: 47659645	retired: 40817988
INFO: 00:09:57	cycles: 47727072	retired: 40875759
INFO: 00:09:58	cycles: 47798091	retired: 40936594
INFO: 00:09:59	cycles: 47869811	retired: 40997908
INFO: 00:10:00	cycles: 47940322	retired: 41058246
INFO: 00:10:01	cycles: 48008981	retired: 41117096
INFO: 00:10:02	cycles: 48078389	retired: 41176476
INFO: 00:10:03	cycles: 48150608	retired: 41238283
INFO: 00:10:04	cycles: 48223733	retired: 41301007
INFO: 00:10:05	cycles: 48293079	retired: 41360364
INFO: 00:10:06	cycles: 48362056	retired: 41419455
INFO: 00:10:07	cycles: 48428882	retired: 41476715
INFO: 00:10:08	cycles: 48498410	retired: 41536227
INFO: 00:10:09	cycles: 48570958	retired: 41598248
INFO: 00:10:10	cycles: 48642490	retired: 41659482
INFO: 00:10:11	cycles: 48709455	retired: 41716696
INFO: 00:10:12	cycles: 48781094	retired: 41778099
INFO: 00:10:13	cycles: 48851060	retired: 41837990
INFO: 00:10:14	cycles: 48922536	retired: 41899095
INFO: 00:10:15	cycles: 48991421	retired: 41958084
INFO: 00:10:16	cycles: 49061490	retired: 42018106
INFO: 00:10:17	cycles: 49129687	retired: 42076471
INFO: 00:10:18	cycles: 49198463	retired: 42135320
INFO: 00:10:19	cycles: 49267354	retired: 42194336
INFO: 00:10:20	cycles: 49335561	retired: 42252779
INFO: 00:10:21	cycles: 49406174	retired: 42313102
INFO: 00:10:22	cycles: 49473625	retired: 42370862
INFO: 00:10:23	cycles: 49543059	retired: 42430236
INFO: 00:10:24	cycles: 49619599	retired: 42495840
INFO: 00:10:25	cycles: 49687131	retired: 42553776
INFO: 00:10:26	cycles: 49757196	retired: 42613887
INFO: 00:10:27	cycles: 49827464	retired: 42674071
INFO: 00:10:28	cycles: 49896621	retired: 42733334
INFO: 00:10:29	cycles: 49967051	retired: 42793762
INFO: 00:10:30	cycles: 50035181	retired: 42852202
INFO: 00:10:31	cycles: 50103577	retired: 42910878
INFO: 00:10:32	cycles: 50175090	retired: 42972146
INFO: 00:10:33	cycles: 50247040	retired: 43033794
INFO: 00:10:34	cycles: 50317112	retired: 43094018
INFO: 00:10:35	cycles: 50388256	retired: 43154946
INFO: 00:10:36	cycles: 50458605	retired: 43215152
INFO: 00:10:37	cycles: 50528475	retired: 43274918
INFO: 00:10:38	cycles: 50596735	retired: 43333314
INFO: 00:10:39	cycles: 50669510	retired: 43395525
INFO: 00:10:40	cycles: 50736184	retired: 43452600
INFO: 00:10:41	cycles: 50804696	retired: 43511195
INFO: 00:10:42	cycles: 50871648	retired: 43568442
INFO: 00:10:43	cycles: 50940059	retired: 43626988
INFO: 00:10:44	cycles: 51011745	retired: 43688344
INFO: 00:10:45	cycles: 51078714	retired: 43745497
INFO: 00:10:46	cycles: 51149504	retired: 43805930
INFO: 00:10:47	cycles: 51216459	retired: 43863273
INFO: 00:10:48	cycles: 51284837	retired: 43921800
INFO: 00:10:49	cycles: 51353545	retired: 43980697
INFO: 00:10:50	cycles: 51420541	retired: 44038113
INFO: 00:10:51	cycles: 51490196	retired: 44097763
INFO: 00:10:52	cycles: 51558918	retired: 44156712
INFO: 00:10:53	cycles: 51625195	retired: 44213510
INFO: 00:10:54	cycles: 51698969	retired: 44276776
INFO: 00:10:55	cycles: 51765133	retired: 44333460
INFO: 00:10:56	cycles: 51834138	retired: 44392697
INFO: 00:10:57	cycles: 51904810	retired: 44453143
INFO: 00:10:58	cycles: 51976147	retired: 44514483
INFO: 00:10:59	cycles: 52051186	retired: 44578721
INFO: 00:11:00	cycles: 52120719	retired: 44638213
INFO: 00:11:01	cycles: 52189587	retired: 44697147
INFO: 00:11:02	cycles: 52255866	retired: 44753899
INFO: 00:11:03	cycles: 52329445	retired: 44816996
INFO: 00:11:04	cycles: 52395410	retired: 44873510
INFO: 00:11:05	cycles: 52462377	retired: 44930972
INFO: 00:11:06	cycles: 52529433	retired: 44988463
INFO: 00:11:07	cycles: 52594752	retired: 45044427
INFO: 00:11:08	cycles: 52663152	retired: 45102945
INFO: 00:11:09	cycles: 52736183	retired: 45165397
INFO: 00:11:10	cycles: 52804702	retired: 45224086
INFO: 00:11:11	cycles: 52872139	retired: 45281896
INFO: 00:11:12	cycles: 52940684	retired: 45340688
INFO: 00:11:13	cycles: 53008382	retired: 45398770
INFO: 00:11:14	cycles: 53081944	retired: 45461851
INFO: 00:11:15	cycles: 53152600	retired: 45522317
INFO: 00:11:16	cycles: 53220274	retired: 45580213
INFO: 00:11:17	cycles: 53290024	retired: 45639854
INFO: 00:11:18	cycles: 53357247	retired: 45697429
INFO: 00:11:19	cycles: 53424310	retired: 45754919
INFO: 00:11:20	cycles: 53492145	retired: 45813028
INFO: 00:11:21	cycles: 53558932	retired: 45870226
INFO: 00:11:22	cycles: 53624840	retired: 45926703
INFO: 00:11:23	cycles: 53692911	retired: 45984935
INFO: 00:11:24	cycles: 53767282	retired: 46048641
INFO: 00:11:25	cycles: 53836215	retired: 46107746
INFO: 00:11:26	cycles: 53903351	retired: 46165324
INFO: 00:11:27	cycles: 53972791	retired: 46224971
INFO: 00:11:28	cycles: 54043541	retired: 46285720
INFO: 00:11:29	cycles: 54113744	retired: 46345934
INFO: 00:11:30	cycles: 54183013	retired: 46405293
INFO: 00:11:31	cycles: 54248639	retired: 46461455
INFO: 00:11:32	cycles: 54313680	retired: 46517284
INFO: 00:11:33	cycles: 54382776	retired: 46576456
INFO: 00:11:34	cycles: 54453406	retired: 46637014
INFO: 00:11:35	cycles: 54521158	retired: 46695056
INFO: 00:11:36	cycles: 54590220	retired: 46754369
INFO: 00:11:37	cycles: 54657115	retired: 46811792
INFO: 00:11:38	cycles: 54725138	retired: 46870146
INFO: 00:11:39	cycles: 54799005	retired: 46933472
INFO: 00:11:40	cycles: 54868674	retired: 46993195
INFO: 00:11:41	cycles: 54936096	retired: 47051008
INFO: 00:11:42	cycles: 55004675	retired: 47109805
INFO: 00:11:43	cycles: 55073610	retired: 47168816
INFO: 00:11:44	cycles: 55146531	retired: 47231273
INFO: 00:11:45	cycles: 55214298	retired: 47289425
INFO: 00:11:46	cycles: 55281907	retired: 47347399
INFO: 00:11:47	cycles: 55348150	retired: 47404150
INFO: 00:11:48	cycles: 55418923	retired: 47464791
INFO: 00:11:49	cycles: 55486640	retired: 47522847
INFO: 00:11:50	cycles: 55554818	retired: 47581272
INFO: 00:11:51	cycles: 55624926	retired: 47641399
INFO: 00:11:52	cycles: 55693177	retired: 47699908
INFO: 00:11:53	cycles: 55757541	retired: 47755150
INFO: 00:11:54	cycles: 55832555	retired: 47819456
INFO: 00:11:55	cycles: 55900009	retired: 47877262
INFO: 00:11:56	cycles: 55968803	retired: 47936166
INFO: 00:11:57	cycles: 56037754	retired: 47995207
INFO: 00:11:58	cycles: 56104897	retired: 48052771
INFO: 00:11:59	cycles: 56177488	retired: 48115037
INFO: 00:12:00	cycles: 56244037	retired: 48172199
INFO: 00:12:01	cycles: 56314769	retired: 48232805
INFO: 00:12:02	cycles: 56384451	retired: 48292667
INFO: 00:12:03	cycles: 56450622	retired: 48349390
INFO: 00:12:04	cycles: 56521927	retired: 48410415
INFO: 00:12:05	cycles: 56592596	retired: 48470856
INFO: 00:12:06	cycles: 56665874	retired: 48533726
INFO: 00:12:07	cycles: 56734177	retired: 48592221
INFO: 00:12:08	cycles: 56802889	retired: 48651222
INFO: 00:12:09	cycles: 56878376	retired: 48715959
INFO: 00:12:10	cycles: 56946812	retired: 48774576
INFO: 00:12:11	cycles: 57015889	retired: 48833869
INFO: 00:12:12	cycles: 57087137	retired: 48894982
INFO: 00:12:13	cycles: 57153710	retired: 48952071
INFO: 00:12:14	cycles: 57225640	retired: 49013631
INFO: 00:12:15	cycles: 57295634	retired: 49073541
INFO: 00:12:16	cycles: 57363981	retired: 49131972
INFO: 00:12:17	cycles: 57432612	retired: 49190703
INFO: 00:12:18	cycles: 57501648	retired: 49249910
INFO: 00:12:19	cycles: 57568744	retired: 49307373
INFO: 00:12:20	cycles: 57636518	retired: 49365358
INFO: 00:12:21	cycles: 57706021	retired: 49424933
INFO: 00:12:22	cycles: 57772455	retired: 49481829
INFO: 00:12:23	cycles: 57841240	retired: 49540779
INFO: 00:12:24	cycles: 57916754	retired: 49605515
INFO: 00:12:25	cycles: 57984318	retired: 49663346
INFO: 00:12:26	cycles: 58048269	retired: 49718267
INFO: 00:12:27	cycles: 58115313	retired: 49775733
INFO: 00:12:28	cycles: 58186574	retired: 49836909
INFO: 00:12:29	cycles: 58258074	retired: 49898292
INFO: 00:12:30	cycles: 58325350	retired: 49955894
INFO: 00:12:31	cycles: 58391630	retired: 50012608
INFO: 00:12:32	cycles: 58458159	retired: 50069697
INFO: 00:12:33	cycles: 58528235	retired: 50129723
INFO: 00:12:34	cycles: 58600992	retired: 50192117
INFO: 00:12:35	cycles: 58670294	retired: 50251643
INFO: 00:12:36	cycles: 58741111	retired: 50312324
INFO: 00:12:37	cycles: 58810542	retired: 50371883
INFO: 00:12:38	cycles: 58879152	retired: 50430695
INFO: 00:12:39	cycles: 58952129	retired: 50493260
INFO: 00:12:40	cycles: 59020622	retired: 50552021
INFO: 00:12:41	cycles: 59087387	retired: 50609111
INFO: 00:12:42	cycles: 59154805	retired: 50666790
INFO: 00:12:43	cycles: 59222178	retired: 50724358
INFO: 00:12:44	cycles: 59292252	retired: 50784394
INFO: 00:12:45	cycles: 59362352	retired: 50844470
INFO: 00:12:46	cycles: 59428575	retired: 50901183
INFO: 00:12:47	cycles: 59496961	retired: 50959794
INFO: 00:12:48	cycles: 59564302	retired: 51017519
INFO: 00:12:49	cycles: 59632750	retired: 51076260
INFO: 00:12:50	cycles: 59702271	retired: 51135864
INFO: 00:12:51	cycles: 59772352	retired: 51195978
INFO: 00:12:52	cycles: 59838044	retired: 51252374
INFO: 00:12:53	cycles: 59905784	retired: 51310456
INFO: 00:12:54	cycles: 59977376	retired: 51371762
INFO: 00:12:55	cycles: 60041607	retired: 51426898
INFO: 00:12:56	cycles: 60107829	retired: 51483626
INFO: 00:12:57	cycles: 60173947	retired: 51540340
INFO: 00:12:58	cycles: 60243554	retired: 51599890
INFO: 00:12:59	cycles: 60315061	retired: 51661124
INFO: 00:13:00	cycles: 60382837	retired: 51719137
INFO: 00:13:01	cycles: 60451482	retired: 51777901
INFO: 00:13:02	cycles: 60516890	retired: 51833964
INFO: 00:13:03	cycles: 60585955	retired: 51893168
INFO: 00:13:04	cycles: 60655501	retired: 51952898
INFO: 00:13:05	cycles: 60722810	retired: 52010599
INFO: 00:13:06	cycles: 60789452	retired: 52067784
INFO: 00:13:07	cycles: 60856012	retired: 52124694
INFO: 00:13:08	cycles: 60919513	retired: 52178965
INFO: 00:13:09	cycles: 60991932	retired: 52241028
INFO: 00:13:10	cycles: 61061650	retired: 52300767
INFO: 00:13:11	cycles: 61130229	retired: 52359551
INFO: 00:13:12	cycles: 61200607	retired: 52419791
INFO: 00:13:13	cycles: 61267453	retired: 52477046
INFO: 00:13:14	cycles: 61338309	retired: 52537840
INFO: 00:13:15	cycles: 61408110	retired: 52597659
INFO: 00:13:16	cycles: 61476394	retired: 52656066
INFO: 00:13:17	cycles: 61543653	retired: 52713623
INFO: 00:13:18	cycles: 61612859	retired: 52772883
INFO: 00:13:19	cycles: 61679146	retired: 52829638
INFO: 00:13:20	cycles: 61746428	retired: 52887323
INFO: 00:13:21	cycles: 61815054	retired: 52945990
INFO: 00:13:22	cycles: 61880421	retired: 53001996
INFO: 00:13:23	cycles: 61946591	retired: 53058706
INFO: 00:13:24	cycles: 62022773	retired: 53123952
INFO: 00:13:25	cycles: 62090339	retired: 53181826
INFO: 00:13:26	cycles: 62157832	retired: 53239572
INFO: 00:13:27	cycles: 62225164	retired: 53297274
INFO: 00:13:28	cycles: 62289830	retired: 53352677
INFO: 00:13:29	cycles: 62367360	retired: 53419136
INFO: 00:13:30	cycles: 62433455	retired: 53475763
INFO: 00:13:31	cycles: 62500553	retired: 53533157
INFO: 00:13:32	cycles: 62574517	retired: 53596560
INFO: 00:13:33	cycles: 62652636	retired: 53663351
INFO: 00:13:34	cycles: 62727009	retired: 53727101
INFO: 00:13:35	cycles: 62795147	retired: 53785479
R B' D2 R' B R' B' R D2 R B
INFO: 00:13:36	cycles: 62862063	retired: 53835231
INFO: 00:13:37	cycles: 62932199	retired: 53885565
INFO: 00:13:38	cycles: 63004725	retired: 53937644

Program exited with code: 0
================================== Post-run ==================================
